{"sessionId": "bbea48", "hypothesisId": "H1", "location": "flag_drift.py:is_secret_name", "message": "classify", "data": {"name": "OCTOPUS_BOARD_CP_BEARER", "hit": true, "has_bearer": true, "has_auth": false}, "timestamp": 1787980956368}
{"sessionId": "bbea48", "hypothesisId": "H1", "location": "flag_drift.py:is_secret_name", "message": "classify", "data": {"name": "X_BEARER", "hit": true, "has_bearer": true, "has_auth": false}, "timestamp": 1787980956369}
{"sessionId": "bbea48", "hypothesisId": "H1", "location": "flag_drift.py:is_secret_name", "message": "classify", "data": {"name": "BEARER", "hit": true, "has_bearer": true, "has_auth": false}, "timestamp": 1787980956369}
{"sessionId": "bbea48", "hypothesisId": "H1", "location": "flag_drift.py:is_secret_name", "message": "classify", "data": {"name": "BEARER", "hit": true, "has_bearer": true, "has_auth": false}, "timestamp": 1787980956369}
{"sessionId": "bbea48", "hypothesisId": "H1", "location": "flag_drift.py:is_secret_name", "message": "classify", "data": {"name": "  BEARER  ", "hit": true, "has_bearer": true, "has_auth": false}, "timestamp": 1787980956370}
{"sessionId": "bbea48", "hypothesisId": "H1", "location": "flag_drift.py:is_secret_name", "message": "classify", "data": {"name": "AUTHORIZATION", "hit": true, "has_bearer": false, "has_auth": true}, "timestamp": 1787980956371}
{"sessionId": "bbea48", "hypothesisId": "H1", "location": "flag_drift.py:is_secret_name", "message": "classify", "data": {"name": "AUTHORIZATION", "hit": true, "has_bearer": false, "has_auth": true}, "timestamp": 1787980956371}
{"sessionId": "bbea48", "hypothesisId": "H1", "location": "flag_drift.py:is_secret_name", "message": "classify", "data": {"name": "OWNER_AUTH_X", "hit": true, "has_bearer": false, "has_auth": true}, "timestamp": 1787980956371}
{"sessionId": "bbea48", "hypothesisId": "H1", "location": "flag_drift.py:is_secret_name", "message": "classify", "data": {"name": "OCTOPUS_TG_TOPIC_REPLY", "hit": false, "has_bearer": false, "has_auth": false}, "timestamp": 1787980956372}
{"sessionId": "bbea48", "hypothesisId": "H1", "location": "flag_drift.py:is_secret_name", "message": "classify", "data": {"name": "OCTOPUS_BOARD_CP_BEARER", "hit": true, "has_bearer": true, "has_auth": false}, "timestamp": 1787980956378}
{"sessionId": "bbea48", "hypothesisId": "H1", "location": "flag_drift.py:is_secret_name", "message": "classify", "data": {"name": "OCTOPUS_TG_TOPIC_REPLY", "hit": false, "has_bearer": false, "has_auth": false}, "timestamp": 1787980956379}
{"sessionId": "bbea48", "hypothesisId": "H1", "location": "flag_drift.py:is_secret_name", "message": "classify", "data": {"name": "OCTOPUS_BOARD_CP_BEARER", "hit": true, "has_bearer": true, "has_auth": false}, "timestamp": 1787980956379}
{"sessionId": "bbea48", "hypothesisId": "H1", "location": "flag_drift.py:is_secret_name", "message": "classify", "data": {"name": "OCTOPUS_TG_TOPIC_REPLY", "hit": false, "has_bearer": false, "has_auth": false}, "timestamp": 1787980956380}
{"sessionId": "bbea48", "hypothesisId": "H1", "location": "flag_drift.py:is_secret_name", "message": "classify", "data": {"name": "OCTOPUS_BOARD_CP_BEARER", "hit": true, "has_bearer": true, "has_auth": false}, "timestamp": 1787980956525}
{"sessionId": "bbea48", "hypothesisId": "H1", "location": "flag_drift.py:is_secret_name", "message": "classify", "data": {"name": "OCTOPUS_TG_TOPIC_REPLY", "hit": false, "has_bearer": false, "has_auth": false}, "timestamp": 1787980956525}
{"sessionId": "bbea48", "hypothesisId": "H1", "location": "flag_drift.py:is_secret_name", "message": "classify", "data": {"name": "OCTOPUS_BOARD_CP_BEARER", "hit": true, "has_bearer": true, "has_auth": false}, "timestamp": 1787980956525}
{"sessionId": "bbea48", "hypothesisId": "H1", "location": "flag_drift.py:is_secret_name", "message": "classify", "data": {"name": "OCTOPUS_TG_TOPIC_REPLY", "hit": false, "has_bearer": false, "has_auth": false}, "timestamp": 1787980956526}
{"sessionId": "bbea48", "hypothesisId": "H1", "location": "flag_drift.py:is_secret_name", "message": "classify", "data": {"name": "TELEGRAM_OWNER_CHAT_ID", "hit": true, "has_bearer": false, "has_auth": false}, "timestamp": 1787980956536}
{"sessionId": "bbea48", "hypothesisId": "H1", "location": "flag_drift.py:is_secret_name", "message": "classify", "data": {"name": "TG_CENTER_CHAT_ID", "hit": true, "has_bearer": false, "has_auth": false}, "timestamp": 1787980956537}
{"sessionId": "bbea48", "hypothesisId": "H1", "location": "flag_drift.py:is_secret_name", "message": "classify", "data": {"name": "TELEGRAM_ALLOWED_CHAT_IDS", "hit": true, "has_bearer": false, "has_auth": false}, "timestamp": 1787980956537}
{"sessionId": "bbea48", "hypothesisId": "H1", "location": "flag_drift.py:is_secret_name", "message": "classify", "data": {"name": "OCTOPUS_OWNER_ID", "hit": true, "has_bearer": false, "has_auth": false}, "timestamp": 1787980956537}
{"sessionId": "bbea48", "hypothesisId": "H1", "location": "flag_drift.py:is_secret_name", "message": "classify", "data": {"name": "OCTOPUS_WIRE_IDENTITY_EQ", "hit": false, "has_bearer": false, "has_auth": false}, "timestamp": 1787980956538}
{"sessionId": "bbea48", "hypothesisId": "H1", "location": "flag_drift.py:is_secret_name", "message": "classify", "data": {"name": "OCTOPUS_WIRE_IDEAS", "hit": false, "has_bearer": false, "has_auth": false}, "timestamp": 1787980956538}
{"sessionId": "bbea48", "hypothesisId": "H1", "location": "flag_drift.py:is_secret_name", "message": "classify", "data": {"name": "OCTOPUS_MINIAPP_URL", "hit": true, "has_bearer": false, "has_auth": false}, "timestamp": 1787980956538}
{"sessionId": "bbea48", "hypothesisId": "H1", "location": "flag_drift.py:is_secret_name", "message": "classify", "data": {"name": "OCTOPUS_WEBHOOK_URL", "hit": false, "has_bearer": false, "has_auth": false}, "timestamp": 1787980956539}
{"sessionId": "bbea48", "hypothesisId": "H1", "location": "flag_drift.py:is_secret_name", "message": "classify", "data": {"name": "OCTOPUS_BASE_URL", "hit": false, "has_bearer": false, "has_auth": false}, "timestamp": 1787980956539}
{"sessionId": "bbea48", "hypothesisId": "H1", "location": "flag_drift.py:is_secret_name", "message": "classify", "data": {"name": "FUGU_API_KEY", "hit": true, "has_bearer": false, "has_auth": false}, "timestamp": 1787980956539}
{"sessionId": "bbea48", "hypothesisId": "H1", "location": "flag_drift.py:is_secret_name", "message": "classify", "data": {"name": "OCTOPUS_CB_SECRET", "hit": true, "has_bearer": false, "has_auth": false}, "timestamp": 1787980956540}
{"sessionId": "bbea48", "hypothesisId": "H1", "location": "flag_drift.py:is_secret_name", "message": "classify", "data": {"name": "TELEGRAM_BOT_TOKEN", "hit": true, "has_bearer": false, "has_auth": false}, "timestamp": 1787980956540}
{"sessionId": "bbea48", "hypothesisId": "H1", "location": "flag_drift.py:is_secret_name", "message": "classify", "data": {"name": "SOME_PASSWORD", "hit": true, "has_bearer": false, "has_auth": false}, "timestamp": 1787980956541}
{"sessionId": "bbea48", "hypothesisId": "H1", "location": "flag_drift.py:is_secret_name", "message": "classify", "data": {"name": "X_CRED", "hit": true, "has_bearer": false, "has_auth": false}, "timestamp": 1787980956541}
{"sessionId": "bbea48", "hypothesisId": "H1", "location": "flag_drift.py:is_secret_name", "message": "classify", "data": {"name": "OWNER_AUTH_X", "hit": true, "has_bearer": false, "has_auth": true}, "timestamp": 1787980956541}
{"sessionId": "bbea48", "hypothesisId": "H1", "location": "flag_drift.py:is_secret_name", "message": "classify", "data": {"name": "OCTOPUS_BOARD_CP_BEARER", "hit": true, "has_bearer": true, "has_auth": false}, "timestamp": 1787980956542}
{"sessionId": "bbea48", "hypothesisId": "H1", "location": "flag_drift.py:is_secret_name", "message": "classify", "data": {"name": "X_BEARER", "hit": true, "has_bearer": true, "has_auth": false}, "timestamp": 1787980956542}
{"sessionId": "bbea48", "hypothesisId": "H1", "location": "flag_drift.py:is_secret_name", "message": "classify", "data": {"name": "BEARER", "hit": true, "has_bearer": true, "has_auth": false}, "timestamp": 1787980956542}
{"sessionId": "bbea48", "hypothesisId": "H1", "location": "flag_drift.py:is_secret_name", "message": "classify", "data": {"name": "BEARER", "hit": true, "has_bearer": true, "has_auth": false}, "timestamp": 1787980956543}
{"sessionId": "bbea48", "hypothesisId": "H1", "location": "flag_drift.py:is_secret_name", "message": "classify", "data": {"name": "AUTHORIZATION", "hit": true, "has_bearer": false, "has_auth": true}, "timestamp": 1787980956543}
{"sessionId": "bbea48", "hypothesisId": "H1", "location": "flag_drift.py:is_secret_name", "message": "classify", "data": {"name": "AUTHORIZATION", "hit": true, "has_bearer": false, "has_auth": true}, "timestamp": 1787980956544}
{"sessionId": "bbea48", "hypothesisId": "H1", "location": "flag_drift.py:is_secret_name", "message": "classify", "data": {"name": "OCTOPUS_TG_TOPIC_REPLY", "hit": false, "has_bearer": false, "has_auth": false}, "timestamp": 1787980956544}
{"sessionId": "bbea48", "hypothesisId": "H1", "location": "flag_drift.py:is_secret_name", "message": "classify", "data": {"name": "PAID_HTTP_TIMEOUT_S", "hit": false, "has_bearer": false, "has_auth": false}, "timestamp": 1787980956545}
{"sessionId": "bbea48", "hypothesisId": "H1", "location": "flag_drift.py:is_secret_name", "message": "classify", "data": {"name": "OCTOPUS_WIRE_COHERENCE", "hit": false, "has_bearer": false, "has_auth": false}, "timestamp": 1787980956545}
{"sessionId": "bbea48", "hypothesisId": "H1", "location": "flag_drift.py:is_secret_name", "message": "classify", "data": {"name": "FUGU_API_KEY", "hit": true, "has_bearer": false, "has_auth": false}, "timestamp": 1787980956560}
{"sessionId": "bbea48", "hypothesisId": "H1", "location": "flag_drift.py:is_secret_name", "message": "classify", "data": {"name": "OCTOPUS_TG_TOPIC_REPLY", "hit": false, "has_bearer": false, "has_auth": false}, "timestamp": 1787980956561}
{"sessionId": "bbea48", "hypothesisId": "H1", "location": "flag_drift.py:is_secret_name", "message": "classify", "data": {"name": "FUGU_API_KEY", "hit": true, "has_bearer": false, "has_auth": false}, "timestamp": 1787980956561}
{"sessionId": "bbea48", "hypothesisId": "H1", "location": "flag_drift.py:is_secret_name", "message": "classify", "data": {"name": "OCTOPUS_TG_TOPIC_REPLY", "hit": false, "has_bearer": false, "has_auth": false}, "timestamp": 1787980956562}
{"sessionId": "bbea48", "hypothesisId": "H1", "location": "flag_drift.py:is_secret_name", "message": "classify", "data": {"name": "FUGU_API_KEY", "hit": true, "has_bearer": false, "has_auth": false}, "timestamp": 1787980956591}
{"sessionId": "bbea48", "hypothesisId": "H1", "location": "flag_drift.py:is_secret_name", "message": "classify", "data": {"name": "OCTOPUS_TG_TOPIC_REPLY", "hit": false, "has_bearer": false, "has_auth": false}, "timestamp": 1787980956591}
{"sessionId": "bbea48", "hypothesisId": "H1", "location": "flag_drift.py:is_secret_name", "message": "classify", "data": {"name": "OCTOPUS_A", "hit": false, "has_bearer": false, "has_auth": false}, "timestamp": 1787980956659}
{"sessionId": "bbea48", "hypothesisId": "H1", "location": "flag_drift.py:is_secret_name", "message": "classify", "data": {"name": "TELEGRAM_OWNER_CHAT_ID", "hit": true, "has_bearer": false, "has_auth": false}, "timestamp": 1787980956659}
{"sessionId": "bbea48", "hypothesisId": "H1", "location": "flag_drift.py:is_secret_name", "message": "classify", "data": {"name": "OCTOPUS_A", "hit": false, "has_bearer": false, "has_auth": false}, "timestamp": 1787980956660}
{"sessionId": "bbea48", "hypothesisId": "H1", "location": "flag_drift.py:is_secret_name", "message": "classify", "data": {"name": "TELEGRAM_OWNER_CHAT_ID", "hit": true, "has_bearer": false, "has_auth": false}, "timestamp": 1787980956660}
{"sessionId": "bbea48", "hypothesisId": "H1", "location": "flag_drift.py:is_secret_name", "message": "classify", "data": {"name": "OCTOPUS_BOARD_CP_BEARER", "hit": true, "has_bearer": true, "has_auth": false}, "timestamp": 1787981022021}
{"sessionId": "bbea48", "hypothesisId": "H1", "location": "flag_drift.py:is_secret_name", "message": "classify", "data": {"name": "OCTOPUS_TG_TOPIC_REPLY", "hit": false, "has_bearer": false, "has_auth": false}, "timestamp": 1787981022022}
{"sessionId": "bbea48", "hypothesisId": "H1", "location": "flag_drift.py:is_secret_name", "message": "classify", "data": {"name": "OCTOPUS_BOARD_CP_BEARER", "hit": true, "has_bearer": true, "has_auth": false}, "timestamp": 1787981022023}
{"sessionId": "bbea48", "hypothesisId": "H1", "location": "flag_drift.py:is_secret_name", "message": "classify", "data": {"name": "OCTOPUS_TG_TOPIC_REPLY", "hit": false, "has_bearer": false, "has_auth": false}, "timestamp": 1787981022023}
{"sessionId": "bbea48", "hypothesisId": "H1", "location": "flag_drift.py:is_secret_name", "message": "classify", "data": {"name": "TELEGRAM_OWNER_CHAT_ID", "hit": true, "has_bearer": false, "has_auth": false}, "timestamp": 1787981022039}
{"sessionId": "bbea48", "hypothesisId": "H1", "location": "flag_drift.py:is_secret_name", "message": "classify", "data": {"name": "TG_CENTER_CHAT_ID", "hit": true, "has_bearer": false, "has_auth": false}, "timestamp": 1787981022039}
{"sessionId": "bbea48", "hypothesisId": "H1", "location": "flag_drift.py:is_secret_name", "message": "classify", "data": {"name": "TELEGRAM_ALLOWED_CHAT_IDS", "hit": true, "has_bearer": false, "has_auth": false}, "timestamp": 1787981022040}
{"sessionId": "bbea48", "hypothesisId": "H1", "location": "flag_drift.py:is_secret_name", "message": "classify", "data": {"name": "OCTOPUS_OWNER_ID", "hit": true, "has_bearer": false, "has_auth": false}, "timestamp": 1787981022041}
{"sessionId": "bbea48", "hypothesisId": "H1", "location": "flag_drift.py:is_secret_name", "message": "classify", "data": {"name": "OCTOPUS_WIRE_IDENTITY_EQ", "hit": false, "has_bearer": false, "has_auth": false}, "timestamp": 1787981022041}
{"sessionId": "bbea48", "hypothesisId": "H1", "location": "flag_drift.py:is_secret_name", "message": "classify", "data": {"name": "OCTOPUS_WIRE_IDEAS", "hit": false, "has_bearer": false, "has_auth": false}, "timestamp": 1787981022042}
{"sessionId": "bbea48", "hypothesisId": "H1", "location": "flag_drift.py:is_secret_name", "message": "classify", "data": {"name": "OCTOPUS_MINIAPP_URL", "hit": true, "has_bearer": false, "has_auth": false}, "timestamp": 1787981022043}
{"sessionId": "bbea48", "hypothesisId": "H1", "location": "flag_drift.py:is_secret_name", "message": "classify", "data": {"name": "OCTOPUS_WEBHOOK_URL", "hit": false, "has_bearer": false, "has_auth": false}, "timestamp": 1787981022043}
{"sessionId": "bbea48", "hypothesisId": "H1", "location": "flag_drift.py:is_secret_name", "message": "classify", "data": {"name": "OCTOPUS_BASE_URL", "hit": false, "has_bearer": false, "has_auth": false}, "timestamp": 1787981022044}
{"sessionId": "bbea48", "hypothesisId": "H1", "location": "flag_drift.py:is_secret_name", "message": "classify", "data": {"name": "FUGU_API_KEY", "hit": true, "has_bearer": false, "has_auth": false}, "timestamp": 1787981022044}
{"sessionId": "bbea48", "hypothesisId": "H1", "location": "flag_drift.py:is_secret_name", "message": "classify", "data": {"name": "OCTOPUS_CB_SECRET", "hit": true, "has_bearer": false, "has_auth": false}, "timestamp": 1787981022045}
{"sessionId": "bbea48", "hypothesisId": "H1", "location": "flag_drift.py:is_secret_name", "message": "classify", "data": {"name": "TELEGRAM_BOT_TOKEN", "hit": true, "has_bearer": false, "has_auth": false}, "timestamp": 1787981022045}
{"sessionId": "bbea48", "hypothesisId": "H1", "location": "flag_drift.py:is_secret_name", "message": "classify", "data": {"name": "SOME_PASSWORD", "hit": true, "has_bearer": false, "has_auth": false}, "timestamp": 1787981022046}
{"sessionId": "bbea48", "hypothesisId": "H1", "location": "flag_drift.py:is_secret_name", "message": "classify", "data": {"name": "X_CRED", "hit": true, "has_bearer": false, "has_auth": false}, "timestamp": 1787981022047}
{"sessionId": "bbea48", "hypothesisId": "H1", "location": "flag_drift.py:is_secret_name", "message": "classify", "data": {"name": "OWNER_AUTH_X", "hit": true, "has_bearer": false, "has_auth": true}, "timestamp": 1787981022047}
{"sessionId": "bbea48", "hypothesisId": "H1", "location": "flag_drift.py:is_secret_name", "message": "classify", "data": {"name": "OCTOPUS_BOARD_CP_BEARER", "hit": true, "has_bearer": true, "has_auth": false}, "timestamp": 1787981022048}
{"sessionId": "bbea48", "hypothesisId": "H1", "location": "flag_drift.py:is_secret_name", "message": "classify", "data": {"name": "X_BEARER", "hit": true, "has_bearer": true, "has_auth": false}, "timestamp": 1787981022048}
{"sessionId": "bbea48", "hypothesisId": "H1", "location": "flag_drift.py:is_secret_name", "message": "classify", "data": {"name": "BEARER", "hit": true, "has_bearer": true, "has_auth": false}, "timestamp": 1787981022049}
{"sessionId": "bbea48", "hypothesisId": "H1", "location": "flag_drift.py:is_secret_name", "message": "classify", "data": {"name": "BEARER", "hit": true, "has_bearer": true, "has_auth": false}, "timestamp": 1787981022049}
{"sessionId": "bbea48", "hypothesisId": "H1", "location": "flag_drift.py:is_secret_name", "message": "classify", "data": {"name": "AUTHORIZATION", "hit": true, "has_bearer": false, "has_auth": true}, "timestamp": 1787981022050}
{"sessionId": "bbea48", "hypothesisId": "H1", "location": "flag_drift.py:is_secret_name", "message": "classify", "data": {"name": "AUTHORIZATION", "hit": true, "has_bearer": false, "has_auth": true}, "timestamp": 1787981022050}
{"sessionId": "bbea48", "hypothesisId": "H1", "location": "flag_drift.py:is_secret_name", "message": "classify", "data": {"name": "OCTOPUS_TG_TOPIC_REPLY", "hit": false, "has_bearer": false, "has_auth": false}, "timestamp": 1787981022051}
{"sessionId": "bbea48", "hypothesisId": "H1", "location": "flag_drift.py:is_secret_name", "message": "classify", "data": {"name": "PAID_HTTP_TIMEOUT_S", "hit": false, "has_bearer": false, "has_auth": false}, "timestamp": 1787981022052}
{"sessionId": "bbea48", "hypothesisId": "H1", "location": "flag_drift.py:is_secret_name", "message": "classify", "data": {"name": "OCTOPUS_WIRE_COHERENCE", "hit": false, "has_bearer": false, "has_auth": false}, "timestamp": 1787981022052}
{"sessionId": "bbea48", "hypothesisId": "H1", "location": "flag_drift.py:is_secret_name", "message": "classify", "data": {"name": "FUGU_API_KEY", "hit": true, "has_bearer": false, "has_auth": false}, "timestamp": 1787981022056}
{"sessionId": "bbea48", "hypothesisId": "H1", "location": "flag_drift.py:is_secret_name", "message": "classify", "data": {"name": "OCTOPUS_TG_TOPIC_REPLY", "hit": false, "has_bearer": false, "has_auth": false}, "timestamp": 1787981022056}
{"sessionId": "bbea48", "hypothesisId": "H1", "location": "flag_drift.py:is_secret_name", "message": "classify", "data": {"name": "FUGU_API_KEY", "hit": true, "has_bearer": false, "has_auth": false}, "timestamp": 1787981022057}
{"sessionId": "bbea48", "hypothesisId": "H1", "location": "flag_drift.py:is_secret_name", "message": "classify", "data": {"name": "OCTOPUS_TG_TOPIC_REPLY", "hit": false, "has_bearer": false, "has_auth": false}, "timestamp": 1787981022057}
{"sessionId": "bbea48", "hypothesisId": "H1", "location": "flag_drift.py:is_secret_name", "message": "classify", "data": {"name": "FUGU_API_KEY", "hit": true, "has_bearer": false, "has_auth": false}, "timestamp": 1787981022073}
{"sessionId": "bbea48", "hypothesisId": "H1", "location": "flag_drift.py:is_secret_name", "message": "classify", "data": {"name": "OCTOPUS_TG_TOPIC_REPLY", "hit": false, "has_bearer": false, "has_auth": false}, "timestamp": 1787981022074}
{"sessionId": "bbea48", "hypothesisId": "H1", "location": "flag_drift.py:is_secret_name", "message": "classify", "data": {"name": "OCTOPUS_A", "hit": false, "has_bearer": false, "has_auth": false}, "timestamp": 1787981022081}
{"sessionId": "bbea48", "hypothesisId": "H1", "location": "flag_drift.py:is_secret_name", "message": "classify", "data": {"name": "TELEGRAM_OWNER_CHAT_ID", "hit": true, "has_bearer": false, "has_auth": false}, "timestamp": 1787981022082}
{"sessionId": "bbea48", "hypothesisId": "H1", "location": "flag_drift.py:is_secret_name", "message": "classify", "data": {"name": "OCTOPUS_A", "hit": false, "has_bearer": false, "has_auth": false}, "timestamp": 1787981022083}
{"sessionId": "bbea48", "hypothesisId": "H1", "location": "flag_drift.py:is_secret_name", "message": "classify", "data": {"name": "TELEGRAM_OWNER_CHAT_ID", "hit": true, "has_bearer": false, "has_auth": false}, "timestamp": 1787981022083}
