2026-Jan-27 22:49:06:                                    _                 
2026-Jan-27 22:49:06:  _ __   __ _ _ __   ___  _ __ ___ (_)_ __   ___ _ __ 
2026-Jan-27 22:49:06: | '_ \ / _` | '_ \ / _ \| '_ ` _ \| | '_ \ / _ \ '__|
2026-Jan-27 22:49:06: | | | | (_| | | | | (_) | | | | | | | | | |  __/ |   
2026-Jan-27 22:49:06: |_| |_|\__,_|_| |_|\___/|_| |_| |_|_|_| |_|\___|_|   
2026-Jan-27 22:49:06: 
2026-Jan-27 22:49:06: Version 3.10.0-windows
2026-Jan-27 22:49:06: Started EthMan server on port 3333 without a password (read-only mode).
2026-Jan-27 22:49:06: Started web interface on port 9090 without a password.
2026-Jan-27 22:49:06: NVIDIA driver version: 581.15 (13.0)
2026-Jan-27 22:49:06: Single device detected
2026-Jan-27 22:49:06: GPU 0 PCI 01:00.0, Platform: CUDA, Name: NVIDIA GeForce GTX 1660 Ti, 6143 MB available
2026-Jan-27 22:49:06: ------------------Etchash:------------------
2026-Jan-27 22:49:06: Currency: Ethereum Classic
2026-Jan-27 22:49:06: Wallet: 0x9eab4b0fc468a7f5d46228bf5a76cb52370d068d
2026-Jan-27 22:49:06: Rig name: Sleepy_371e4952
2026-Jan-27 22:49:06: Email was not set.
2026-Jan-27 22:49:06: Hashrate threshold to restart miner is not set
2026-Jan-27 22:49:06: Number of rejected shares per hour to restart miner is not set
2026-Jan-27 22:49:06: Added pool: etc-eu1.nanopool.org:10143
2026-Jan-27 22:49:06: Added pool: etc-eu2.nanopool.org:10143
2026-Jan-27 22:49:06: Added pool: etc-us-east1.nanopool.org:10143
2026-Jan-27 22:49:06: Added pool: etc-us-west1.nanopool.org:10143
2026-Jan-27 22:49:06: Added pool: etc-asia1.nanopool.org:10143
2026-Jan-27 22:49:06: Added pool: etc-jp1.nanopool.org:10143
2026-Jan-27 22:49:06: Added pool: etc-au1.nanopool.org:10143
2026-Jan-27 22:49:06: Auto pool sorting is enabled
2026-Jan-27 22:49:06: Using all GPU devices
2026-Jan-27 22:49:06: -------------Common parameters:-------------
2026-Jan-27 22:49:06: Log path: ./logs/
2026-Jan-27 22:49:06: Log is written to file
2026-Jan-27 22:49:06: GPU watchdog is enabled
2026-Jan-27 22:49:06: Never calling reboot.bat (always restarting the miner in case of errors). 
2026-Jan-27 22:49:06: Setting up algorithm: Etchash
2026-Jan-27 22:49:06: WARNING: Hardware-accelerated GPU scheduling is not enabled. Performance may be worse. Consider enabling it in Settings > System > Graphics settings > Hardware-accelerated GPU scheduling
2026-Jan-27 22:49:07: -----------------------------------------------------------
2026-Jan-27 22:49:07: | You are mining to a default wallet! Change it to yours! |
2026-Jan-27 22:49:07: -----------------------------------------------------------
2026-Jan-27 22:49:07: Connecting to pools...
2026-Jan-27 22:50:00: Could not connect to any pools.
2026-Jan-27 22:50:20: Connecting to pools...
2026-Jan-27 22:51:07: Could not connect to any pools.
2026-Jan-27 22:51:27: Connecting to pools...
2026-Jan-27 22:52:15: Could not connect to any pools.
2026-Jan-27 22:52:35: Connecting to pools...
2026-Jan-27 22:53:17: Could not connect to any pools.
2026-Jan-27 22:53:37: Connecting to pools...
2026-Jan-27 22:54:26: Could not connect to any pools.
2026-Jan-27 22:54:46: Connecting to pools...
2026-Jan-27 22:55:29: Could not connect to any pools.
2026-Jan-27 22:55:48: Terminating, please wait ...
