
â”€â”€ test_pulse_arbiter_authority.py â”€â”€â”€â”€â”€â”€â”€â”€â”€â”€â”€â”€â”€â”€â”€â”€â”€â”€â”€â”€â”€â”€â”€â”€â”€â”€â”€â”€â”€
  ✅ t_arbitrate_defense_in_depth_excludes_ineligible_present_vote
  ✅ t_arbitrate_missing_authority_is_fail_closed
  ✅ t_closed_shadow_is_observed_but_ineligible
  ✅ t_faster_candidate_is_held_at_previous_live_period
  ✅ t_gate_is_rechecked_at_the_locked_commit_point
  ✅ t_gather_views_has_two_live_votes_not_three
  ✅ t_hold_persists_across_later_beats_and_restart
  ✅ t_invalid_periods_never_become_live_votes
  ✅ t_invalid_previous_record_cannot_create_a_floor
  ✅ t_live_baseline_fixture_removes_shadow_without_acceleration
  ✅ t_malformed_control_observation_is_ineligible
  ✅ t_missing_authority_fields_fail_closed
  ✅ t_paths_are_sandboxed
  ✅ t_persist_and_effective_api_share_the_same_hold
  ✅ t_precision_missing_authority_is_fail_closed
  ✅ t_primary_write_failure_closes_live_wire_and_preserves_previous
  ✅ t_pure_compute_fallback_is_advisory_only
  ✅ t_secondary_sink_failure_does_not_uncommit_latest
  ✅ t_self_reported_open_shadow_still_grants_no_authority
  ✅ t_shadow_brake_cannot_brake_live_math
  ✅ t_slower_candidate_is_allowed
  ✅ t_snapshot_separates_candidate_from_applied_period
  ✅ t_stale_shadow_remains_ineligible
  ✅ t_stop_and_halt_close_both_live_entry_points
  ✅ t_temporarily_closed_wire_preserves_fixed_anchor
  ✅ t_transient_slow_candidate_does_not_ratchet_the_fixed_anchor
  ✅ t_valid_brake_still_wins

OK test_pulse_arbiter_authority: 27/27

â”€â”€ test_pulse_arbiter.py â”€â”€â”€â”€â”€â”€â”€â”€â”€â”€â”€â”€â”€â”€â”€â”€â”€â”€â”€â”€â”€â”€â”€â”€â”€â”€â”€â”€â”€â”€â”€â”€â”€â”€â”€â”€â”€â”€â”€
  ✅ [الف] ترمز غالب
  ✅ [الف] کفِ ترمز = BRAKE_PERIOD
  ✅ [ب] شتاب اجماعی < base
  ✅ [ج] کششِ محتاط بالا
  ✅ [د] clamp به MAX
  ✅ [د] clamp به FLOOR
  ✅ [د] abstain بدونِ قلب
  ✅ [ه] precision weighting
  ✅ [و] رنگ = بدترین
  ✅ [و] rhythm RED = ترمز
  ✅ [ز] نرمال‌سازیِ رأی
  ✅ [ح] gather_views fail-soft
  ✅ [ح] no forbidden import
  ✅ [ط] persist flag off = no write
  ✅ [ط] persist flag on = only own sink
  ✅ [ط] written روی دیسک True است، نه فقط در حافظه
  ✅ [ی] wire_open بسته
  ✅ [ی] if_open → default وقتی بسته
  ✅ [ی] snapshot advisory+gated
  ✅ [چ] inverse-variance precision math
  ✅ [چ] 2027 precision flag off = byte-identical
  ✅ [چ] 2027 precision flag on = active-inference
  ✅ [چ] 2027 precision replay counterfactual

â”€â”€ test_pulse_arbiter_wire_readiness.py â”€â”€â”€â”€â”€â”€â”€â”€â”€â”€â”€â”€â”€â”€â”€â”€â”€â”€â”€â”€â”€â”€â”€â”€
  ✅ [الف] غیابِ فایل → بسته حتی با هر دو env
  ✅ [الف] ماتریسِ کاملِ AND سه‌شرطی
  ✅ [ب] هر سه شرط → باز
  ✅ [ج] period متفاوت: باز≠بسته، باز=اجماعِ واقعی
  ✅ [ج] نیم‌باز هم بسته می‌ماند (باینری)

â”€â”€ test_arbiter_consensus_rule.py â”€â”€â”€â”€â”€â”€â”€â”€â”€â”€â”€â”€â”€â”€â”€â”€â”€â”€â”€â”€â”€â”€â”€â”€â”€â”€â”€â”€â”€â”€
  ✅ t_brake_still_wins_over_the_new_rule
  ✅ t_cardiac_is_stamped_constant_while_mass_is_pinned
  ✅ t_control_law_is_stamped_held_when_the_snapshot_is_old
  ✅ t_counts_are_exhaustive
  ✅ t_no_production_consumer_branches_on_the_driver_string
  ✅ t_one_mover_is_solo_not_consensus
  ✅ t_two_movers_is_still_consensus
  ✅ t_unknown_mode_does_not_count_as_moving
  ✅ t_vote_carries_the_three_new_fields
  ✅ t_zero_movers_is_frozen_never_consensus

OK test_arbiter_consensus_rule: 10/10

â”€â”€ test_heart_loop.py â”€â”€â”€â”€â”€â”€â”€â”€â”€â”€â”€â”€â”€â”€â”€â”€â”€â”€â”€â”€â”€â”€â”€â”€â”€â”€â”€â”€â”€â”€â”€â”€â”€â”€â”€â”€â”€â”€â”€â”€â”€â”€
  ✅ t_a_interface_validate_and_roundtrip
  ✅ t_b_governor_flag_off_no_heart_keys
  ✅ t_c_governor_flag_on_cpi_tightens_epoch
  ✅ t_d_velocity_pressure_bounded
  ✅ t_e_heart_beat_flag_off_is_noop
  ✅ t_f_heart_beat_shadow_writes_sink_never_period
  ✅ t_g_production_wire_closed_today_and_unforgeable
  ✅ t_h2_setpoint_seeds_from_first_observation
  ✅ t_h3_setpoint_cadence_survives_restart
  ✅ t_h_organism_seam_is_conditional_and_guarded
  ✅ t_i_setpoint_hysteresis_and_monotonic_seq
  ✅ t_j_setpoint_epoch_writes_and_llm_gated
  ✅ t_k_structural_doctor_no_toplevel_money
  ✅ t_l_cockpit_heart_card_renders_shadow
  ✅ t_m_doctor_price_not_locked_is_dormant_not_broken
  ✅ t_n_doctor_budget_cap_gate_denial_is_calm_info
  ✅ t_o_doctor_non_cap_gate_denial_stays_silent
  ✅ t_p_doctor_genuine_failure_stays_alarming
  ✅ t_q_doctor_provider_rate_limit_reads_as_designed

✅ test_heart_loop: 19/19

â”€â”€ test_beat_scheduler.py â”€â”€â”€â”€â”€â”€â”€â”€â”€â”€â”€â”€â”€â”€â”€â”€â”€â”€â”€â”€â”€â”€â”€â”€â”€â”€â”€â”€â”€â”€â”€â”€â”€â”€â”€â”€â”€â”€
  ✅ [E-1] crash after reserve → reconcile, no advance
  ✅ [E-2] final commit persist failure checked
  ✅ [E-3] committed beat not rerun after restart
  ✅ [E-4] committed advances exactly once
  ✅ [۹] persist failure → block commit, no advance
  ✅ [P] production-safe forbids ACT/LEARN
  ✅ [۸] watchdog stall detection
  ✅ [۱] ترتیبِ فازِ قطعی
  ✅ [۲] every_n_beats
  ✅ [۳] bounded + circuit breaker
  ✅ [۴] organ failure isolation
  ✅ [۵] restart continuity (beatِ بعدی، نه دوباره)
  ✅ [۶] HALT — فقط فازهای امن
  ✅ [۷] zero double-actuation (ACT dry-run)

â”€â”€ test_watchdog_stall.py â”€â”€â”€â”€â”€â”€â”€â”€â”€â”€â”€â”€â”€â”€â”€â”€â”€â”€â”€â”€â”€â”€â”€â”€â”€â”€â”€â”€â”€â”€â”€â”€â”€â”€â”€â”€â”€â”€
  ✅ t_a_paths_are_sandboxed
  ✅ t_b_port_open_ts_stale_is_stall
  ✅ t_c_stall_emits_exactly_one_alert
  ✅ t_d_fresh_beat_is_silent
  ✅ t_e_plain_death_revive_emits_exactly_one_alert
  ✅ t_f_stop_wins_under_stall
  ✅ t_g_absence_never_manufactures_stall
  ✅ t_h2_marker_file_is_a_real_arming_path
  ✅ t_h_armed_env_flag_revives_on_stall
  ✅ t_i_broken_alert_never_blocks_revive
  ✅ t_j_registered_ops_legs_alert_after_the_real_start_process
  ✅ t_k_beat_artifact_is_the_live_one
  ✅ t_l_every_alert_text_passes_the_live_critical_filter
  ✅ t_m_alert_text_is_dedup_stable
  ✅ t_n_frozen_beat_counter_is_a_stall_even_with_fresh_ts
  ✅ t_o_alert_cli_writes_through_a_real_subprocess
      ⚠️ organism-watchdog.ps1: هیچ تسکی به `_ops\` اشاره نمی‌کند ⇒ در تولید اجرا نمی‌شود (مستند شده؛ رفعش owner-gated)
      ✔ cortex-watchdog.ps1: در تولید از `_ops\` اجرا می‌شود (پوششِ واقعی)
      ✔ live-watchdog.ps1: در تولید از `_ops\` اجرا می‌شود (پوششِ واقعی)
      ✔ tg-center-watchdog.ps1: در تولید از `_ops\` اجرا می‌شود (پوششِ واقعی)
  ✅ t_p_docs_match_registered_reality

OK test_watchdog_stall: 17/17 passed, 0 failed

â”€â”€ test_bounded_read.py â”€â”€â”€â”€â”€â”€â”€â”€â”€â”€â”€â”€â”€â”€â”€â”€â”€â”€â”€â”€â”€â”€â”€â”€â”€â”€â”€â”€â”€â”€â”€â”€â”€â”€â”€â”€â”€â”€â”€â”€
  ✅ t_a_bounded_read_returns_content_fast
  ✅ t_b_bounded_read_stall_returns_none_without_blocking
  ✅ t_c_load_config_serves_cache_when_read_stalls
  ✅ t_d_save_config_updates_the_read_cache
  ✅ t_e_stale_cache_on_unknown_stall_is_served_not_empty
  ✅ t_f_bounded_http_stall_returns_none_without_blocking
  ✅ t_g_stalled_transport_fails_soft_on_get_and_post
  ✅ t_h_bounded_write_stall_returns_false_quickly
  ✅ t_i_record_poll_survives_stalled_write
  ✅ t_j_100_consecutive_dns_stalls_keep_workers_bounded
  ✅ t_k_100_consecutive_config_stalls_keep_cache_and_workers_bounded
  ✅ t_l_malformed_config_never_replaces_last_known_good

OK test_bounded_read: 12/12

==================================================================
OK: all 8 suite(s) green (only-mode; capability marker untouched)
