2026-09-08T05:01:07Z leads=0 imap=ok(no-email-yet) action=none-waiting
2026-09-08T06:00:38Z leads=0 imap=ok(cycle-06:00:12Z-clean) action=none-waiting
2026-09-08T07:01:07Z leads=0 imap=ok(cycle-07:00:05Z-clean) action=none-waiting
2026-09-08T08:00:27Z leads=0 imap=ok(cycle-08:00:13Z-running-clean) action=none-waiting
2026-09-08T09:00:28Z leads=0 imap=ok(cycle-09:00:11Z-running-clean) action=none-waiting
2026-09-08T10:00:31Z leads=0 imap=ok(cycle-10:00:14Z-running-clean) action=none-waiting
2026-09-08T11:00:44Z leads=0 imap=ok(cycle-11:00:14Z-running-clean) action=none-waiting
2026-09-08T12:00:31Z leads=0 imap=ok(cycle-12:00:00Z-running-clean) action=none-waiting(~7.5h;save-reminder-at-12:30Z)
2026-09-08T13:00:31Z leads=0 imap=ok(cycle-13:00:00Z-running-clean) action=SAVE-REMINDER-ACTIVATED(8.5h-zero)
2026-09-08T14:00:33Z leads=0 imap=ok(cycle-14:00:00Z-running-clean) action=save-reminder-repeated(9.5h-zero)
2026-09-08T15:00:46Z leads=0 imap=ok(cycle-15:00:01Z-clean-exit) action=save-reminder-repeated(10.5h-zero)
2026-09-08T16:00:35Z leads=0 imap=ok(cycle-16:00:01Z-running-clean) action=save-reminder-repeated(11.5h-zero)
2026-09-08T17:00:37Z leads=0 imap=ok(cycle-17:00:02Z-running-clean) action=save-reminder-repeated(12.5h-zero)
2026-09-08T18:00:39Z leads=0 imap=ok(cycle-18:00:01Z-clean-exit) action=save-reminder-repeated(13.5h-zero)
2026-09-08T19:00:41Z leads=0 imap=ok(cycle-19:00:02Z-running-clean) action=save-reminder-repeated(14.5h-zero)
2026-09-08T20:00:39Z leads=0 imap=ok(cycle-20:00:03Z-clean-exit) action=save-reminder-repeated(15.5h-zero)
2026-09-08T21:00:20Z leads=0 imap=ok(cycle-21:00:03Z-running-clean) action=save-reminder-repeated(16.5h-zero)
2026-09-08T22:00:23Z leads=0 imap=ok(cycle-22:00:03Z-running-clean) action=save-reminder-repeated(17.5h-zero)
2026-09-08T23:00:25Z leads=0 imap=ok(cycle-23:00:03Z-running-clean) action=save-reminder-repeated(18.5h-zero)
2026-09-09T00:00:24Z leads=0 imap=ok(cycle-00:00:04Z-running-clean) action=save-reminder-repeated(19.5h-zero)
2026-09-09T01:00:25Z leads=0 imap=ok(cycle-01:00:04Z-running-clean) action=save-reminder-repeated(20.5h-zero)
2026-09-09T02:00:30Z leads=0 imap=ok(cycle-02:00:00Z-running-clean) action=save-reminder-repeated(21.5h-zero)
2026-09-09T03:00:45Z leads=0 imap=ok(cycle-03:00:03Z-clean-exit) action=save-reminder-repeated(22.5h-zero)
2026-09-09T04:00:38Z leads=0 imap=ok(cycle-04:00:03Z-clean-exit) action=save-reminder-repeated(23.5h-zero;24h-milestone-next)
2026-09-09T05:00:37Z leads=0 imap=ok(cycle-05:00:04Z-running-clean) action=save-reminder-repeated(24.5h-zero-MILESTONE)
2026-09-09T06:00:46Z leads=0 imap=ok(cycle-06:00:04Z-running-clean) action=save-reminder-repeated(25.5h-zero)
2026-09-09T07:00:45Z leads=0 imap=ok(cycle-07:00:04Z-running-clean) action=save-reminder-repeated(26.5h-zero)
2026-09-09T08:00:47Z leads=0 imap=ok(cycle-08:00:05Z-clean-exit) action=save-reminder-repeated(27.5h-zero)
2026-09-09T09:00:55Z leads=0 imap=ok(cycle-09:00:05Z-clean-exit) action=save-reminder-repeated(28.5h-zero)
2026-09-09T10:00:48Z leads=0 imap=ok(cycle-10:00:05Z-clean-exit) action=save-reminder-repeated(29.5h-zero)
2026-09-09T11:00:39Z leads=0 imap=ok(cycle-11:00:06Z-running-clean) action=save-reminder-repeated(30.5h-zero)
2026-09-09T12:00:45Z leads=0 imap=ok(cycle-12:00:06Z-running-clean) action=save-reminder-repeated(31.5h-zero)
2026-09-09T13:00:30Z leads=0 imap=ok(cycle-13:00:06Z-running-clean) action=save-reminder-repeated(32.5h-zero)
2026-09-09T14:00:29Z leads=0 imap=ok(cycle-14:00:07Z-running-clean) action=save-reminder-repeated(33.5h-zero)
2026-09-09T15:00:31Z leads=0 imap=ok(cycle-15:00:07Z-running-clean) action=save-reminder-repeated(34.5h-zero)
2026-09-09T16:00:31Z leads=0 imap=ok(cycle-16:00:08Z-running-clean) action=save-reminder-repeated(35.5h-zero)
2026-09-09T17:00:47Z leads=0 imap=ok(cycle-17:00:08Z-clean-exit) action=save-reminder-repeated(36.5h-zero)
2026-09-09T18:00:33Z leads=0 imap=ok(cycle-18:00:08Z-running-clean) action=save-reminder-repeated(37.5h-zero)
2026-09-09T19:01:02Z leads=0 imap=ok(cycle-19:00:09Z-clean-exit) action=save-reminder-repeated(38.5h-zero)
2026-09-09T20:00:37Z leads=0 imap=ok(cycle-20:00:09Z-running-clean) action=save-reminder-repeated(39.5h-zero)
2026-09-09T21:00:40Z leads=0 imap=ok(cycle-21:00:03Z-clean-exit) action=save-reminder-repeated(40.5h-zero)
2026-09-09T22:00:36Z leads=0 imap=ok(cycle-22:00:10Z-running-clean) action=save-reminder-repeated(41.5h-zero)
2026-09-09T23:00:41Z leads=0 imap=ok(cycle-23:00:10Z-running-clean) action=save-reminder-repeated(42.5h-zero)
2026-09-10T00:00:37Z leads=0 imap=ok(cycle-00:00:10Z-running-clean) action=save-reminder-repeated(43.5h-zero)
2026-09-10T01:00:43Z leads=0 imap=ok(cycle-01:00:11Z-running-clean) action=save-reminder-repeated(44.5h-zero)
2026-09-10T02:00:46Z leads=0 imap=ok(cycle-02:00:09Z-running-clean) action=save-reminder-repeated(45.5h-zero)
2026-09-10T03:00:27Z leads=0 imap=ok(cycle-03:00:00Z-running-clean) action=save-reminder-repeated(46.5h-zero)
2026-09-10T04:00:38Z leads=0 imap=ok(cycle-04:00:07Z-running-clean) action=save-reminder-repeated(47.5h-zero)
2026-09-10T05:00:35Z leads=0 imap=ok(cycle-05:00:08Z-running-clean) action=save-reminder-repeated(48.5h-zero)
2026-09-10T06:00:31Z leads=0 imap=ok(cycle-06:00:10Z-running-clean) action=save-reminder-repeated(49.5h-zero)
2026-09-10T07:00:40Z leads=0 imap=ok(cycle-07:00:11Z-running-clean) action=save-reminder-repeated(50.5h-zero)
2026-09-10T08:00:31Z leads=0 imap=ok(cycle-08:00:11Z-running-clean) action=save-reminder-repeated(51.5h-zero)
2026-09-10T09:00:35Z leads=0 imap=ok(cycle-09:00:06Z-running-clean) action=save-reminder-repeated(52.5h-zero)
2026-09-10T10:00:41Z leads=0 imap=ok(cycle-10:00:12Z-running-clean) action=save-reminder-repeated(53.5h-zero)
2026-09-10T11:00:44Z leads=0 imap=ok(cycle-11:00:12Z-running-clean) action=save-reminder-repeated(54.5h-zero)
2026-09-10T12:00:55Z leads=0 imap=ok(cycle-12:00:12Z-clean-exit) action=save-reminder-repeated(55.5h-zero)
2026-09-10T13:00:42Z leads=0 imap=ok(cycle-13:00:13Z-running-clean) action=save-reminder-repeated(56.5h-zero)
2026-09-10T14:00:34Z leads=0 imap=ok(cycle-14:00:13Z-running-clean) action=save-reminder-repeated(57.5h-zero)
2026-09-10T15:00:35Z leads=0 imap=ok(cycle-15:00:03Z-clean-exit) action=save-reminder-repeated(58.5h-zero)
2026-09-10T16:01:16Z leads=0 imap=ok(cycle-16:00:14Z-clean-exit) action=save-reminder-repeated(59.5h-zero)
2026-09-10T17:00:37Z leads=0 imap=ok(cycle-17:00:14Z-running-clean) action=save-reminder-repeated(60.5h-zero)
2026-09-10T18:00:43Z leads=0 imap=ok(cycle-18:00:12Z-running-clean) action=save-reminder-repeated(61.5h-zero)
2026-09-10T19:00:50Z leads=0 imap=ok(cycle-19:00:00Z-running-clean) action=save-reminder-repeated(62.5h-zero)
2026-09-10T20:00:42Z leads=0 imap=ok(cycle-20:00:00Z-running-clean) action=save-reminder-repeated(63.5h-zero)
2026-09-10T21:00:48Z leads=0 imap=ok(cycle-21:00:00Z-clean-exit) action=save-reminder-repeated(64.5h-zero)
2026-09-10T22:00:45Z leads=0 imap=ok(cycle-22:00:01Z-running-clean) action=save-reminder-repeated(65.5h-zero)
2026-09-10T23:00:51Z leads=0 imap=ok(cycle-23:00:01Z-clean-exit) action=save-reminder-repeated(66.5h-zero)
2026-09-11T00:00:40Z leads=0 imap=ok(cycle-00:00:01Z-running-clean) action=save-reminder-repeated(67.5h-zero)
2026-09-11T01:00:42Z leads=0 imap=ok(cycle-01:00:02Z-clean-exit) action=save-reminder-repeated(68.5h-zero)
2026-09-11T02:01:01Z leads=0 imap=ok(cycle-02:00:00Z-clean-exit) action=save-reminder-repeated(69.5h-zero)
2026-09-11T03:00:58Z leads=0 imap=ok(cycle-03:00:00Z-clean-exit) action=save-reminder-repeated(70.5h-zero)
2026-09-11T04:00:29Z leads=0 imap=ok(cycle-04:00:01Z-running-clean) action=save-reminder-repeated(71.5h-zero)
2026-09-11T05:00:28Z leads=0 imap=ok(cycle-05:00:01Z-running-clean) action=save-reminder-repeated(72.5h-zero)
2026-09-11T06:00:30Z leads=0 imap=ok(cycle-06:00:01Z-running-clean) action=save-reminder-repeated(73.5h-zero)
2026-09-11T07:00:38Z leads=0 imap=ok(cycle-07:00:02Z-clean-exit) action=save-reminder-repeated(74.5h-zero)
2026-09-11T08:00:50Z leads=0 imap=ok(cycle-08:00:04Z-clean-exit) action=save-reminder-repeated(75.5h-zero)
2026-09-11T09:00:52Z leads=0 imap=ok(cycle-09:00:03Z-clean-exit) action=save-reminder-repeated(76.5h-zero)
2026-09-11T10:00:54Z leads=0 imap=ok(cycle-10:00:04Z-clean-exit) action=save-reminder-repeated(77.5h-zero)
2026-09-11T11:00:50Z leads=0 imap=ok(cycle-11:00:04Z-clean-exit) action=save-reminder-repeated(78.5h-zero)
2026-09-11T12:00:45Z leads=0 imap=ok(cycle-12:00:04Z-clean-exit) action=save-reminder-repeated(79.5h-zero)
2026-09-11T13:00:50Z leads=0 imap=ok(cycle-13:00:03Z-clean-exit) action=save-reminder-repeated(80.5h-zero)
2026-09-11T14:00:46Z leads=0 imap=ok(cycle-14:00:04Z-clean-exit) action=save-reminder-repeated(81.5h-zero)
2026-09-11T15:01:02Z leads=0 imap=ok(cycle-15:00:04Z-clean-exit) action=save-reminder-repeated(82.5h-zero)
2026-09-11T16:00:27Z leads=0 imap=ok(cycle-16:00:04Z-running-clean) action=save-reminder-repeated(83.5h-zero)
2026-09-11T17:00:26Z leads=0 imap=ok(cycle-17:00:04Z-running-clean) action=save-reminder-repeated(84.5h-zero)
2026-09-11T18:00:28Z leads=0 imap=ok(cycle-18:00:00Z-running-clean) action=save-reminder-repeated(85.5h-zero)
2026-09-11T19:00:28Z leads=0 imap=ok(cycle-19:00:00Z-running-clean) action=save-reminder-repeated(86.5h-zero)
2026-09-11T20:00:40Z leads=0 imap=ok(cycle-20:00:00Z-clean-exit) action=save-reminder-repeated(87.5h-zero)
2026-09-11T21:00:42Z leads=0 imap=ok(cycle-20:51:01Z-clean-exit) action=save-reminder-repeated(88.5h-zero)
2026-09-11T22:00:46Z leads=0 imap=ok(cycle-21:51:01Z-clean-exit) action=save-reminder-repeated(89.5h-zero)
2026-09-11T23:00:44Z leads=0 imap=ok(cycle-22:51:01Z-clean-exit) action=save-reminder-repeated(90.5h-zero)
2026-09-12T00:00:50Z leads=0 imap=ok(cycle-23:51:02Z-clean-exit) action=save-reminder-repeated(91.5h-zero)
2026-09-12T01:00:36Z leads=0 imap=ok(cycle-00:51:02Z-clean-exit) action=save-reminder-repeated(92.5h-zero)
2026-09-12T02:00:37Z leads=0 imap=ok(cycle-01:51:01Z-clean-exit) action=save-reminder-repeated(93.5h-zero)
2026-09-12T03:00:48Z leads=0 imap=ok(cycle-02:51:01Z-clean-exit) action=save-reminder-repeated(94.5h-zero)
2026-09-12T04:00:40Z leads=0 imap=ok(cycle-03:51:02Z-clean-exit) action=save-reminder-repeated(95.5h-zero)
2026-09-12T05:00:42Z leads=0 imap=ok(cycle-04:51:02Z-clean-exit) action=save-reminder-repeated(96.5h-zero)
2026-09-12T06:00:44Z leads=0 imap=ok(cycle-05:51:02Z-clean-exit) action=save-reminder-repeated(97.5h-zero)
2026-09-12T07:00:40Z leads=0 imap=ok(cycle-06:51:03Z-clean-exit) action=save-reminder-repeated(98.5h-zero)
2026-09-12T08:01:13Z leads=0 imap=ok(cycle-07:51:03Z-clean-exit) action=save-reminder-repeated(99.5h-zero)
2026-09-12T09:01:03Z leads=0 imap=ok(cycle-08:51:03Z-clean-exit) action=save-reminder-repeated(100.5h-zero)
2026-09-12T10:01:01Z leads=0 imap=ok(cycle-09:51:04Z-clean-exit) action=save-reminder-repeated(101.5h-zero)
2026-09-12T11:01:04Z leads=0 imap=ok(cycle-10:51:04Z-clean-exit) action=save-reminder-repeated(102.5h-zero)
2026-09-12T12:00:52Z leads=0 imap=ok(cycle-11:51:04Z-clean-exit) action=save-reminder-repeated(103.5h-zero)
2026-09-12T13:00:46Z leads=0 imap=ok(cycle-12:51:04Z-clean-exit) action=save-reminder-repeated(104.5h-zero)
2026-09-12T14:00:28Z leads=0 imap=ok(cycle-13:51:04Z-clean-exit) action=save-reminder-repeated(105.5h-zero)
2026-09-12T15:00:34Z leads=0 imap=ok(cycle-14:51:04Z-clean-exit) action=save-reminder-repeated(106.5h-zero)
2026-09-12T16:00:33Z leads=0 imap=ok(cycle-15:51:04Z-clean-exit) action=save-reminder-repeated(107.5h-zero)
2026-09-12T17:00:36Z leads=0 imap=ok(cycle-16:51:04Z-clean-exit) action=save-reminder-repeated(108.5h-zero)
2026-09-12T18:00:37Z leads=0 imap=ok(cycle-17:51:04Z-clean-exit) action=save-reminder-repeated(109.5h-zero)
2026-09-12T19:00:34Z leads=0 imap=ok(cycle-18:51:04Z-clean-exit) action=save-reminder-repeated(110.5h-zero)
2026-09-12T20:00:41Z leads=0 imap=ok(cycle-19:51:04Z-clean-exit) action=save-reminder-repeated(111.5h-zero)
2026-09-12T21:00:36Z leads=0 imap=ok(cycle-20:51:04Z-clean-exit) action=save-reminder-repeated(112.5h-zero)
2026-09-12T22:00:40Z leads=0 imap=ok(cycle-21:51:00Z-clean-exit) action=save-reminder-repeated(113.5h-zero)
2026-09-12T23:00:53Z leads=0 imap=ok(cycle-22:51:04Z-clean-exit) action=save-reminder-repeated(114.5h-zero)
2026-09-13T00:01:10Z leads=0 imap=ok(cycle-23:51:04Z-clean-exit) action=save-reminder-repeated(115.5h-zero)
2026-09-13T01:01:01Z leads=0 imap=ok(cycle-00:51:04Z-clean-exit) action=save-reminder-repeated(116.5h-zero)
2026-09-13T02:00:42Z leads=0 imap=ok(cycle-01:51:04Z-clean-exit) action=save-reminder-repeated(117.5h-zero)
2026-09-13T03:00:53Z leads=0 imap=ok(cycle-02:51:01Z-clean-exit) action=save-reminder-repeated(118.5h-zero)
2026-09-13T04:01:07Z leads=0 imap=ok(cycle-03:51:01Z-clean-exit) action=save-reminder-repeated(119.5h-zero)
2026-09-13T05:00:45Z leads=0 imap=ok(cycle-04:51:02Z-clean-exit) action=save-reminder-repeated(120.5h-zero)
2026-09-13T12:00:38Z leads=0 imap=ok(cycle-11:51:04Z-clean-exit) action=save-reminder-repeated(~127.5h-zero;multi-queue-burst-consolidated)
2026-09-13T13:00:31Z leads=0 imap=ok(cycle-12:51:04Z-clean-exit) action=save-reminder-repeated(~128.5h-zero)
2026-09-13T14:01:10Z leads=0 imap=ok(cycle-13:51:05Z-clean-exit) action=save-reminder-repeated(~129.5h-zero)
2026-09-13T15:00:51Z leads=0 imap=ok(cycle-14:51:05Z-clean-exit) action=save-reminder-repeated(~130.5h-zero)
2026-09-13T16:00:49Z leads=0 imap=ok(cycle-15:51:05Z-clean-exit) action=save-reminder-repeated(~131.5h-zero)
2026-09-13T17:00:42Z leads=0 imap=ok(cycle-16:51:06Z-clean-exit) action=save-reminder-repeated(~132.5h-zero)
2026-09-13T18:00:36Z leads=0 imap=ok(cycle-17:51:06Z-clean-exit) action=save-reminder-repeated(~133.5h-zero)
2026-09-13T19:00:35Z leads=0 imap=ok(cycle-18:51:02Z-clean-exit) action=save-reminder-repeated(~134.5h-zero)
2026-09-13T20:00:38Z leads=0 imap=ok(cycle-19:51:07Z-clean-exit) action=save-reminder-repeated(~135.5h-zero)
2026-09-13T21:00:40Z leads=0 imap=ok(cycle-20:51:07Z-clean-exit) action=save-reminder-repeated(~136.5h-zero)
2026-09-13T22:00:38Z leads=0 imap=ok(cycle-21:51:07Z-clean-exit) action=save-reminder-repeated(~137.5h-zero)
2026-09-13T23:00:40Z leads=0 imap=ok(cycle-22:51:08Z-clean-exit) action=save-reminder-repeated(~138.5h-zero)
2026-09-14T00:00:22Z leads=0 imap=ok(cycle-23:51:07Z-clean-exit) action=save-reminder-repeated(~139.5h-zero)
2026-09-14T01:00:50Z leads=0 imap=ok(cycle-00:51:08Z-clean-exit) action=save-reminder-repeated(~140.5h-zero)
2026-09-14T02:00:58Z leads=0 imap=ok(cycle-01:51:07Z-clean-exit) action=save-reminder-repeated(~141.5h-zero)
2026-09-14T03:00:40Z leads=0 imap=ok(cycle-02:51:07Z-clean-exit) action=save-reminder-repeated(~142.5h-zero)
2026-09-14T04:01:00Z leads=0 imap=ok(cycle-03:51:00Z-clean-exit) action=save-reminder-repeated(~143.5h-zero)
2026-09-14T05:00:49Z leads=0 imap=ok(cycle-04:51:03Z-clean-exit) action=save-reminder-repeated(~144.5h-zero)
2026-09-14T06:00:53Z leads=0 imap=ok(cycle-05:51:06Z-clean-exit) action=save-reminder-repeated(~145.5h-zero)
2026-09-14T07:00:51Z leads=0 imap=ok(cycle-06:51:09Z-clean-exit) action=save-reminder-repeated(~146.5h-zero)
2026-09-14T08:00:58Z leads=0 imap=ok(cycle-07:51:09Z-clean-exit) action=save-reminder-repeated(~147.5h-zero)
2026-09-14T09:00:55Z leads=0 imap=ok(cycle-08:51:10Z-clean-exit) action=save-reminder-repeated(~148.5h-zero)
2026-09-14T10:00:58Z leads=0 imap=ok(cycle-09:51:10Z-clean-exit) action=save-reminder-repeated(~149.5h-zero)
2026-09-14T11:00:58Z leads=0 imap=ok(cycle-10:51:06Z-clean-exit) action=save-reminder-repeated(~150.5h-zero)
2026-09-14T12:01:15Z leads=0 imap=ok(cycle-11:51:10Z-clean-exit) action=save-reminder-repeated(~151.5h-zero)
2026-09-14T13:01:00Z leads=0 imap=ok(cycle-12:51:11Z-clean-exit) action=save-reminder-repeated(~152.5h-zero)
2026-09-14T14:01:04Z leads=0 imap=ok(cycle-13:51:11Z-clean-exit) action=save-reminder-repeated(~153.5h-zero)
2026-09-14T15:01:05Z leads=0 imap=ok(cycle-14:51:12Z-clean-exit) action=save-reminder-repeated(~154.5h-zero)
2026-09-14T16:00:44Z leads=0 imap=ok(cycle-15:51:12Z-clean-exit) action=save-reminder-repeated(~155.5h-zero)
2026-09-14T17:00:43Z leads=0 imap=ok(cycle-16:51:12Z-clean-exit) action=save-reminder-repeated(~156.5h-zero)
2026-09-14T18:00:25Z leads=0 imap=ok(cycle-17:51:03Z-clean-exit) action=save-reminder-repeated(~157.5h-zero)
2026-09-14T19:00:27Z leads=0 imap=ok(cycle-18:51:13Z-clean-exit) action=save-reminder-repeated(~158.5h-zero)
2026-09-14T20:01:04Z leads=0 imap=ok(cycle-19:51:10Z-clean-exit) action=save-reminder-repeated(~159.5h-zero)
2026-09-14T21:00:51Z leads=0 imap=ok(cycle-20:51:00Z-clean-exit) action=save-reminder-repeated(~160.5h-zero)
2026-09-14T22:00:30Z leads=0 imap=ok(cycle-21:51:14Z-clean-exit) action=save-reminder-repeated(~161.5h-zero)
2026-09-14T23:00:52Z leads=0 imap=ok(cycle-22:51:14Z-clean-exit) action=save-reminder-repeated(~162.5h-zero)
2026-09-15T00:00:59Z leads=0 imap=ok(cycle-23:51:00Z-clean-exit) action=save-reminder-repeated(~163.5h-zero)
2026-09-15T01:00:52Z leads=0 imap=ok(cycle-00:51:00Z-running-clean) action=save-reminder-repeated(~164.5h-zero)
2026-09-15T02:01:00Z leads=0 imap=ok(cycle-01:51:00Z-clean-exit) action=save-reminder-repeated(~165.5h-zero)
2026-09-15T05:01:15Z leads=0 imap=ok(cycle-04:51:00Z-clean-exit) action=save-reminder-repeated(~168.5h-zero;03:00-run-skipped-window)
2026-09-15T06:00:48Z leads=0 imap=ok(cycle-05:51:00Z-clean-exit) action=save-reminder-repeated(~169.5h-zero)
2026-09-15T07:01:38Z leads=0 imap=ok(cycle-06:51:00Z-clean-exit) action=save-reminder-repeated(~170.5h-zero)
2026-09-15T08:01:05Z leads=0 imap=ok(cycle-07:51:01Z-clean-exit) action=save-reminder-repeated(~171.5h-zero)
2026-09-15T09:00:54Z leads=0 imap=ok(cycle-08:51:01Z-clean-exit) action=save-reminder-repeated(~172.5h-zero)
2026-09-15T10:00:57Z leads=0 imap=ok(cycle-09:51:01Z-clean-exit) action=save-reminder-repeated(~173.5h-zero)
2026-09-15T11:01:35Z leads=0 imap=ok(cycle-10:51:01Z-clean-exit) action=save-reminder-repeated(~174.5h-zero)
2026-09-15T12:00:57Z leads=0 imap=ok(cycle-11:51:02Z-clean-exit) action=save-reminder-repeated(~175.5h-zero)
2026-09-15T13:00:55Z leads=0 imap=ok(cycle-12:51:02Z-clean-exit) action=save-reminder-repeated(~176.5h-zero)
2026-09-15T14:01:05Z leads=0 imap=ok(cycle-13:51:03Z-clean-exit) action=save-reminder-repeated(~177.5h-zero)
2026-09-15T15:00:58Z leads=0 imap=ok(cycle-14:51:02Z-clean-exit) action=save-reminder-repeated(~178.5h-zero)
2026-09-15T16:01:01Z leads=0 imap=ok(cycle-15:51:03Z-clean-exit) action=save-reminder-repeated(~179.5h-zero)
2026-09-15T17:00:33Z leads=0 imap=ok(cycle-16:51:04Z-clean-exit) action=save-reminder-repeated(~180.5h-zero)
2026-09-15T18:01:03Z leads=0 imap=ok(cycle-17:51:04Z-clean-exit) action=save-reminder-repeated(~181.5h-zero)
2026-09-15T19:00:39Z leads=0 imap=ok(cycle-18:51:04Z-clean-exit) action=save-reminder-repeated(~182.5h-zero)
2026-09-15T20:00:17Z leads=0 imap=ok(cycle-19:51:05Z-clean-exit) action=save-reminder-repeated(~183.5h-zero)
2026-09-15T21:00:32Z leads=0 imap=ok(cycle-20:51:05Z-clean-exit) action=save-reminder-repeated(~184.5h-zero)
2026-09-15T22:00:49Z leads=0 imap=ok(cycle-21:51:05Z-clean-exit) action=save-reminder-repeated(~185.5h-zero)
2026-09-15T23:00:46Z leads=0 imap=ok(cycle-22:51:06Z-clean-exit) action=save-reminder-repeated(~186.5h-zero)
2026-09-16T00:00:50Z leads=0 imap=ok(cycle-23:51:03Z-clean-exit) action=save-reminder-repeated(~187.5h-zero)
2026-09-16T01:00:28Z leads=0 imap=ok(cycle-00:51:06Z-clean-exit) action=save-reminder-repeated(~188.5h-zero)
2026-09-16T02:00:58Z leads=0 imap=ok(cycle-01:51:05Z-clean-exit) action=save-reminder-repeated(~189.5h-zero)
2026-09-16T03:01:21Z leads=0 imap=ok(cycle-02:51:05Z-clean-exit) action=save-reminder-repeated(~190.5h-zero)
2026-09-16T04:00:57Z leads=0 imap=ok(cycle-03:51:06Z-clean-exit) action=save-reminder-repeated(~191.5h-zero)
2026-09-16T05:01:11Z leads=0 imap=ok(cycle-04:51:06Z-clean-exit) action=save-reminder-repeated(~192.5h-zero)
2026-09-16T06:01:27Z leads=0 imap=ok(cycle-05:51:06Z-clean-exit) action=save-reminder-repeated(~193.5h-zero)
2026-09-16T07:00:46Z leads=0 imap=ok(cycle-06:51:10Z-clean-exit) action=save-reminder-repeated(~194.5h-zero)
2026-09-16T08:00:52Z leads=0 imap=ok(cycle-07:51:10Z-clean-exit) action=save-reminder-repeated(~195.5h-zero)
2026-09-16T09:01:06Z leads=0 imap=ok(cycle-08:51:08Z-clean-exit) action=save-reminder-repeated(~196.5h-zero)
2026-09-16T10:00:52Z leads=0 imap=ok(cycle-09:51:11Z-clean-exit) action=save-reminder-repeated(~197.5h-zero)
2026-09-16T11:00:42Z leads=0 imap=ok(cycle-10:51:11Z-clean-exit) action=save-reminder-repeated(~198.5h-zero)
2026-09-16T12:00:37Z leads=0 imap=ok(cycle-11:51:09Z-clean-exit) action=save-reminder-repeated(~199.5h-zero)
2026-09-16T13:00:41Z leads=0 imap=ok(cycle-12:51:12Z-clean-exit) action=save-reminder-repeated(~200.5h-zero)
2026-09-16T14:00:45Z leads=0 imap=ok(cycle-13:51:12Z-clean-exit) action=save-reminder-repeated(~201.5h-zero)
2026-09-16T15:00:36Z leads=0 imap=ok(cycle-14:51:13Z-clean-exit) action=save-reminder-repeated(~202.5h-zero)
2026-09-16T16:00:42Z leads=0 imap=ok(cycle-15:51:13Z-clean-exit) action=save-reminder-repeated(~203.5h-zero)
2026-09-16T17:00:40Z leads=0 imap=ok(cycle-16:51:13Z-clean-exit) action=save-reminder-repeated(~204.5h-zero)
2026-09-16T18:00:36Z leads=0 imap=ok(cycle-17:51:14Z-clean-exit) action=save-reminder-repeated(~205.5h-zero)
2026-09-16T19:00:37Z leads=0 imap=ok(cycle-18:51:14Z-clean-exit) action=save-reminder-repeated(~206.5h-zero)
2026-09-16T20:00:40Z leads=0 imap=ok(cycle-19:51:00Z-clean-exit) action=save-reminder-repeated(~207.5h-zero)
2026-09-16T21:00:42Z leads=0 imap=ok(cycle-20:51:00Z-clean-exit) action=save-reminder-repeated(~208.5h-zero)
2026-09-16T22:00:52Z leads=0 imap=ok(cycle-21:51:00Z-clean-exit) action=save-reminder-repeated(~209.5h-zero)
2026-09-16T23:00:49Z leads=0 imap=ok(cycle-22:51:00Z-clean-exit) action=save-reminder-repeated(~210.5h-zero)
2026-09-17T00:00:53Z leads=0 imap=ok(cycle-23:51:01Z-clean-exit) action=save-reminder-repeated(~211.5h-zero)
2026-09-17T01:00:54Z leads=0 imap=ok(cycle-00:51:01Z-clean-exit) action=save-reminder-repeated(~212.5h-zero)
2026-09-17T02:00:51Z leads=0 imap=ok(cycle-01:51:00Z-clean-exit) action=save-reminder-repeated(~213.5h-zero)
2026-09-17T03:00:48Z leads=0 imap=ok(cycle-02:51:00Z-clean-exit) action=save-reminder-repeated(~214.5h-zero)
2026-09-17T04:00:32Z leads=0 imap=ok(cycle-03:51:00Z-clean-exit) action=save-reminder-repeated(~215.5h-zero)
2026-09-17T05:00:34Z leads=0 imap=ok(cycle-04:51:01Z-clean-exit) action=save-reminder-repeated(~216.5h-zero)
2026-09-17T06:00:37Z leads=0 imap=ok(cycle-05:51:01Z-clean-exit) action=save-reminder-repeated(~217.5h-zero)
2026-09-17T07:00:51Z leads=0 imap=ok(cycle-06:51:01Z-clean-exit) action=save-reminder-repeated(~218.5h-zero)
2026-09-17T08:01:22Z leads=0 imap=ok(cycle-07:51:02Z-clean-exit) action=save-reminder-repeated(~219.5h-zero)
2026-09-17T09:00:53Z leads=0 imap=ok(cycle-08:51:02Z-clean-exit) action=save-reminder-repeated(~220.5h-zero)
2026-09-17T10:01:02Z leads=0 imap=ok(cycle-09:51:01Z-clean-exit) action=save-reminder-repeated(~221.5h-zero)
2026-09-17T11:01:01Z leads=0 imap=ok(cycle-10:51:03Z-clean-exit) action=save-reminder-repeated(~222.5h-zero)
2026-09-17T12:00:53Z leads=0 imap=ok(cycle-11:51:01Z-clean-exit) action=save-reminder-repeated(~223.5h-zero)
2026-09-17T13:00:52Z leads=0 imap=ok(cycle-12:51:04Z-clean-exit) action=save-reminder-repeated(~224.5h-zero)
2026-09-17T14:00:43Z leads=0 imap=ok(cycle-13:51:04Z-clean-exit) action=save-reminder-repeated(~225.5h-zero)
2026-09-17T15:00:50Z leads=0 imap=ok(cycle-14:51:03Z-clean-exit) action=save-reminder-repeated(~226.5h-zero)
2026-09-17T16:00:58Z leads=0 imap=ok(cycle-15:51:05Z-clean-exit) action=save-reminder-repeated(~227.5h-zero)
2026-09-17T17:00:54Z leads=0 imap=ok(cycle-16:51:03Z-clean-exit) action=save-reminder-repeated(~228.5h-zero)
2026-09-17T18:00:51Z leads=0 imap=ok(cycle-17:51:00Z-clean-exit) action=save-reminder-repeated(~229.5h-zero)
2026-09-17T19:01:05Z leads=0 imap=ok(cycle-18:51:01Z-clean-exit) action=save-reminder-repeated(~230.5h-zero)
2026-09-17T20:00:48Z leads=0 imap=ok(cycle-19:51:00Z-clean-exit) action=save-reminder-repeated(~231.5h-zero)
2026-09-17T21:00:40Z leads=0 imap=ok(cycle-20:51:06Z-clean-exit) action=save-reminder-repeated(~232.5h-zero)
2026-09-17T22:00:32Z leads=0 imap=ok(cycle-21:51:06Z-clean-exit) action=save-reminder-repeated(~233.5h-zero)
2026-09-17T23:00:44Z leads=0 imap=ok(cycle-22:51:07Z-clean-exit) action=save-reminder-repeated(~234.5h-zero)
2026-09-18T00:00:52Z leads=0 imap=ok(cycle-23:51:09Z-clean-exit) action=save-reminder-repeated(~235.5h-zero)
2026-09-18T01:00:54Z leads=0 imap=ok(cycle-00:51:04Z-clean-exit) action=save-reminder-repeated(~236.5h-zero)
2026-09-18T02:01:01Z leads=0 imap=ok(cycle-01:51:00Z-clean-exit) action=save-reminder-repeated(~237.5h-zero)
2026-09-18T03:00:59Z leads=0 imap=ok(cycle-02:51:04Z-clean-exit) action=save-reminder-repeated(~238.5h-zero)
2026-09-18T04:01:00Z leads=0 imap=ok(cycle-03:51:01Z-clean-exit) action=save-reminder-repeated(~239.5h-zero)
2026-09-18T05:00:51Z leads=0 imap=ok(cycle-04:51:05Z-clean-exit) action=save-reminder-repeated(~240.5h-zero)
2026-09-18T06:02:10Z leads=0 imap=ok(cycle-05:51:05Z-clean-exit) action=save-reminder-repeated(~241.5h-zero)
2026-09-18T07:01:02Z leads=0 imap=ok(cycle-06:51:05Z-clean-exit) action=save-reminder-repeated(~242.5h-zero)
