test_callback_exception_does_not_crash (tests.test_cockpit_v2_owner_queue.TestCockpitV2OwnerQueue.test_callback_exception_does_not_crash) ... ERROR
test_duplicate_native_id_is_one_row_and_degraded (tests.test_cockpit_v2_owner_queue.TestCockpitV2OwnerQueue.test_duplicate_native_id_is_one_row_and_degraded) ... ERROR
test_idempotency_key_parity_survives_projection (tests.test_cockpit_v2_owner_queue.TestCockpitV2OwnerQueue.test_idempotency_key_parity_survives_projection) ... ERROR
test_mesh_items_are_unchanged_when_owner_callback_is_added (tests.test_cockpit_v2_owner_queue.TestCockpitV2OwnerQueue.test_mesh_items_are_unchanged_when_owner_callback_is_added) ... ok
test_missing_callback_is_unknown_and_degraded_not_empty (tests.test_cockpit_v2_owner_queue.TestCockpitV2OwnerQueue.test_missing_callback_is_unknown_and_degraded_not_empty) ... ERROR
test_owner_queue_callback_is_exposed_additively (tests.test_cockpit_v2_owner_queue.TestCockpitV2OwnerQueue.test_owner_queue_callback_is_exposed_additively) ... ERROR
test_payload_and_pii_are_not_serialized (tests.test_cockpit_v2_owner_queue.TestCockpitV2OwnerQueue.test_payload_and_pii_are_not_serialized) ... ok
test_read_does_not_mutate_mesh_tree (tests.test_cockpit_v2_owner_queue.TestCockpitV2OwnerQueue.test_read_does_not_mutate_mesh_tree) ... ok
test_held_state_uses_existing_held_marker (tests.test_cockpit_v2_owner_queue.TestNodeOwnerQueueMetadata.test_held_state_uses_existing_held_marker) ... ERROR
test_metadata_is_derived_from_real_owner_queue_contract (tests.test_cockpit_v2_owner_queue.TestNodeOwnerQueueMetadata.test_metadata_is_derived_from_real_owner_queue_contract) ... ERROR
test_run_reader_injects_metadata_callback (tests.test_cockpit_v2_owner_queue.TestProductionReaderOwnerQueueWiring.test_run_reader_injects_metadata_callback) ... ERROR

======================================================================
ERROR: test_callback_exception_does_not_crash (tests.test_cockpit_v2_owner_queue.TestCockpitV2OwnerQueue.test_callback_exception_does_not_crash)
----------------------------------------------------------------------
Traceback (most recent call last):
  File "/home/ari/ofn/tests/test_cockpit_v2_owner_queue.py", line 221, in test_callback_exception_does_not_crash
    self.assertIsNone(envelope["data"]["owner_items"])
                      ~~~~~~~~~~~~~~~~^^^^^^^^^^^^^^^
KeyError: 'owner_items'

======================================================================
ERROR: test_duplicate_native_id_is_one_row_and_degraded (tests.test_cockpit_v2_owner_queue.TestCockpitV2OwnerQueue.test_duplicate_native_id_is_one_row_and_degraded)
----------------------------------------------------------------------
Traceback (most recent call last):
  File "/home/ari/ofn/tests/test_cockpit_v2_owner_queue.py", line 244, in test_duplicate_native_id_is_one_row_and_degraded
    rows = self.metadata()
  File "/home/ari/ofn/tests/test_cockpit_v2_owner_queue.py", line 164, in metadata
    return Node.owner_queue_metadata(_OwnerQueueFixture())
           ^^^^^^^^^^^^^^^^^^^^^^^^^
AttributeError: type object 'Node' has no attribute 'owner_queue_metadata'

======================================================================
ERROR: test_idempotency_key_parity_survives_projection (tests.test_cockpit_v2_owner_queue.TestCockpitV2OwnerQueue.test_idempotency_key_parity_survives_projection)
----------------------------------------------------------------------
Traceback (most recent call last):
  File "/home/ari/ofn/tests/test_cockpit_v2_owner_queue.py", line 276, in test_idempotency_key_parity_survives_projection
    metadata = self.metadata()
  File "/home/ari/ofn/tests/test_cockpit_v2_owner_queue.py", line 164, in metadata
    return Node.owner_queue_metadata(_OwnerQueueFixture())
           ^^^^^^^^^^^^^^^^^^^^^^^^^
AttributeError: type object 'Node' has no attribute 'owner_queue_metadata'

======================================================================
ERROR: test_missing_callback_is_unknown_and_degraded_not_empty (tests.test_cockpit_v2_owner_queue.TestCockpitV2OwnerQueue.test_missing_callback_is_unknown_and_degraded_not_empty)
----------------------------------------------------------------------
Traceback (most recent call last):
  File "/home/ari/ofn/tests/test_cockpit_v2_owner_queue.py", line 209, in test_missing_callback_is_unknown_and_degraded_not_empty
    self.assertIsNone(envelope["data"]["owner_items"])
                      ~~~~~~~~~~~~~~~~^^^^^^^^^^^^^^^
KeyError: 'owner_items'

======================================================================
ERROR: test_owner_queue_callback_is_exposed_additively (tests.test_cockpit_v2_owner_queue.TestCockpitV2OwnerQueue.test_owner_queue_callback_is_exposed_additively)
----------------------------------------------------------------------
Traceback (most recent call last):
  File "/home/ari/ofn/tests/test_cockpit_v2_owner_queue.py", line 182, in test_owner_queue_callback_is_exposed_additively
    business = envelope["data"]["owner_items"]
               ~~~~~~~~~~~~~~~~^^^^^^^^^^^^^^^
KeyError: 'owner_items'

======================================================================
ERROR: test_held_state_uses_existing_held_marker (tests.test_cockpit_v2_owner_queue.TestNodeOwnerQueueMetadata.test_held_state_uses_existing_held_marker)
----------------------------------------------------------------------
Traceback (most recent call last):
  File "/home/ari/ofn/tests/test_cockpit_v2_owner_queue.py", line 158, in test_held_state_uses_existing_held_marker
    rows = Node.owner_queue_metadata(_OwnerQueueFixture([source]))
           ^^^^^^^^^^^^^^^^^^^^^^^^^
AttributeError: type object 'Node' has no attribute 'owner_queue_metadata'

======================================================================
ERROR: test_metadata_is_derived_from_real_owner_queue_contract (tests.test_cockpit_v2_owner_queue.TestNodeOwnerQueueMetadata.test_metadata_is_derived_from_real_owner_queue_contract)
----------------------------------------------------------------------
Traceback (most recent call last):
  File "/home/ari/ofn/tests/test_cockpit_v2_owner_queue.py", line 133, in test_metadata_is_derived_from_real_owner_queue_contract
    rows = Node.owner_queue_metadata(_OwnerQueueFixture())
           ^^^^^^^^^^^^^^^^^^^^^^^^^
AttributeError: type object 'Node' has no attribute 'owner_queue_metadata'

======================================================================
ERROR: test_run_reader_injects_metadata_callback (tests.test_cockpit_v2_owner_queue.TestProductionReaderOwnerQueueWiring.test_run_reader_injects_metadata_callback)
----------------------------------------------------------------------
Traceback (most recent call last):
  File "/home/ari/ofn/tests/test_cockpit_v2_owner_queue.py", line 319, in test_run_reader_injects_metadata_callback
    envelope["data"]["owner_items"][0]["idempotency_key"],
    ~~~~~~~~~~~~~~~~^^^^^^^^^^^^^^^
KeyError: 'owner_items'

----------------------------------------------------------------------
Ran 11 tests in 0.036s

FAILED (errors=8)
