2026-05-24 15:17:47,811 [INFO] ==================================================
2026-05-24 15:17:47,814 [INFO] Pipeline شروع شد | mock=True
2026-05-24 15:17:47,816 [INFO] ==================================================
2026-05-24 15:17:47,845 [INFO] ✅ universe_20260524.parquet: 4 ردیف جدید → جمع 4
2026-05-24 15:17:47,847 [INFO] Universe: 4 کوین
2026-05-24 15:17:47,854 [INFO] ✅ BTC_daily.parquet: 7 ردیف جدید → جمع 7
2026-05-24 15:17:47,856 [INFO] LC timeseries BTC: 7 روز
2026-05-24 15:17:47,863 [INFO] ✅ ETH_daily.parquet: 7 ردیف جدید → جمع 7
2026-05-24 15:17:47,865 [INFO] LC timeseries ETH: 7 روز
2026-05-24 15:17:47,872 [INFO] ✅ XMR_daily.parquet: 7 ردیف جدید → جمع 7
2026-05-24 15:17:47,874 [INFO] LC timeseries XMR: 7 روز
2026-05-24 15:17:47,880 [INFO] ✅ ZEC_daily.parquet: 7 ردیف جدید → جمع 7
2026-05-24 15:17:47,882 [INFO] LC timeseries ZEC: 7 روز
2026-05-24 15:17:47,887 [INFO] ✅ btc_exchange_flows.parquet: 7 ردیف جدید → جمع 7
2026-05-24 15:17:47,889 [INFO] CQ exchange_flows BTC: 7 روز
2026-05-24 15:17:47,894 [INFO] ✅ eth_exchange_flows.parquet: 7 ردیف جدید → جمع 7
2026-05-24 15:17:47,896 [INFO] CQ exchange_flows ETH: 7 روز
2026-05-24 15:17:47,901 [INFO] ✅ btc_whale_ratio.parquet: 7 ردیف جدید → جمع 7
2026-05-24 15:17:47,906 [INFO] ✅ eth_whale_ratio.parquet: 7 ردیف جدید → جمع 7
2026-05-24 15:17:47,912 [INFO] ✅ btc_miner_flows.parquet: 7 ردیف جدید → جمع 7
2026-05-24 15:17:47,917 [INFO] ✅ stablecoin_flows.parquet: 7 ردیف جدید → جمع 7
2026-05-24 15:17:47,919 [INFO] محاسبه‌ی fusion signals...
2026-05-24 15:17:47,921 [INFO] BTC: DEPLOY | kelly=0.8 | modifier=+9.4 | social=0.588 | macro=0.9425
2026-05-24 15:17:47,923 [INFO] ETH: DEPLOY | kelly=0.8 | modifier=+8.8 | social=0.42 | macro=0.9836
2026-05-24 15:17:47,925 [INFO] XMR: SOCIAL_ONLY_HOT | kelly=0.4 | modifier=+0.9 | social=0.192 | macro=None
2026-05-24 15:17:47,928 [INFO] ZEC: SOCIAL_ONLY_QUIET | kelly=0.3 | modifier=+0.0 | social=0.01 | macro=None
2026-05-24 15:17:47,934 [INFO] ✅ regime_and_signals.parquet: 4 ردیف جدید → جمع 4
2026-05-24 15:17:47,936 [INFO]   BTC: DEPLOY | social=0.588 | macro=0.9425 | kelly=0.8 | modifier=+9.4
2026-05-24 15:17:47,938 [INFO]   ETH: DEPLOY | social=0.42 | macro=0.9836 | kelly=0.8 | modifier=+8.8
2026-05-24 15:17:47,940 [INFO]   XMR: SOCIAL_ONLY_HOT | social=0.192 | macro=None | kelly=0.4 | modifier=+0.9
2026-05-24 15:17:47,942 [INFO]   ZEC: SOCIAL_ONLY_QUIET | social=0.01 | macro=None | kelly=0.3 | modifier=+0.0
2026-05-24 15:17:47,944 [INFO] 
Pipeline ✅ کامل | 2026-05-24T15:17:47.944550+00:00
