2026-05-28 05:57:47,425 [INFO] ✅ universe_20260528.parquet: 6 ردیف جدید → جمع 6
2026-05-28 05:57:47,505 [INFO] ✅ CORE_daily.parquet: 7 ردیف جدید → جمع 7
2026-05-28 05:57:47,580 [INFO] ✅ XEL_daily.parquet: 7 ردیف جدید → جمع 7
2026-05-28 05:57:47,656 [INFO] ✅ XMR_daily.parquet: 7 ردیف جدید → جمع 7
2026-05-28 05:57:47,730 [INFO] ✅ ZEC_daily.parquet: 7 ردیف جدید → جمع 7
2026-05-28 05:57:47,801 [INFO] ✅ TAO_daily.parquet: 7 ردیف جدید → جمع 7
2026-05-28 05:57:47,874 [INFO] ✅ DIL_daily.parquet: 7 ردیف جدید → جمع 7
2026-05-28 05:57:47,915 [INFO] ✅ btc_exchange_flows.parquet: 7 ردیف جدید → جمع 7
2026-05-28 05:57:47,945 [INFO] ✅ btc_whale_ratio.parquet: 7 ردیف جدید → جمع 7
2026-05-28 05:57:47,986 [INFO] ✅ eth_exchange_flows.parquet: 7 ردیف جدید → جمع 7
2026-05-28 05:57:48,018 [INFO] ✅ eth_whale_ratio.parquet: 7 ردیف جدید → جمع 7
2026-05-28 05:57:48,054 [INFO] ✅ btc_miner_flows.parquet: 7 ردیف جدید → جمع 7
2026-05-28 05:57:48,087 [INFO] ✅ stablecoin_flows.parquet: 7 ردیف جدید → جمع 7
2026-05-28 05:57:48,088 [INFO] CORE: SOCIAL_ONLY_HOT | kelly=0.4 | modifier=+1.6 | social=0.328 | macro=None
2026-05-28 05:57:48,090 [INFO] XEL: SOCIAL_ONLY_HOT | kelly=0.4 | modifier=+1.5 | social=0.32 | macro=None
2026-05-28 05:57:48,092 [INFO] XMR: SOCIAL_ONLY_HOT | kelly=0.4 | modifier=+0.9 | social=0.192 | macro=None
2026-05-28 05:57:48,093 [INFO] ZEC: SOCIAL_ONLY_QUIET | kelly=0.3 | modifier=+0.0 | social=0.01 | macro=None
2026-05-28 05:57:48,095 [INFO] TAO: SOCIAL_ONLY_HOT | kelly=0.4 | modifier=+2.7 | social=0.558 | macro=None
2026-05-28 05:57:48,096 [INFO] DIL: SOCIAL_ONLY_HOT | kelly=0.4 | modifier=+0.5 | social=0.098 | macro=None
2026-05-28 05:57:48,160 [INFO] ✅ regime_and_signals.parquet: 6 ردیف جدید → جمع 6
2026-05-28 05:57:48,208 [ERROR] Telegram send failed: HTTPSConnectionPool(host='api.telegram.org', port=443): Max retries exceeded with url: /botmock_token/sendMessage (Caused by ProxyError('Unable to connect to proxy', OSError('Tunnel connection failed: 403 Forbidden')))
