debug1: OpenSSH_10.0p2, OpenSSL 3.2.4 11 Feb 2025
debug1: Reading configuration data /c/Users/Armin/.ssh/config
debug1: Reading configuration data /etc/ssh/ssh_config
debug2: resolve_canonicalize: hostname 192.168.0.138 is address
debug1: Connecting to 192.168.0.138 [192.168.0.138] port 22.
debug2: fd 4 setting O_NONBLOCK
debug1: fd 4 clearing O_NONBLOCK
debug1: Connection established.
debug1: identity file /c/Users/Armin/.ssh/id_rsa type -1
debug1: identity file /c/Users/Armin/.ssh/id_rsa-cert type -1
debug1: identity file /c/Users/Armin/.ssh/id_ecdsa type -1
debug1: identity file /c/Users/Armin/.ssh/id_ecdsa-cert type -1
debug1: identity file /c/Users/Armin/.ssh/id_ecdsa_sk type -1
debug1: identity file /c/Users/Armin/.ssh/id_ecdsa_sk-cert type -1
debug1: identity file /c/Users/Armin/.ssh/id_ed25519 type 3
debug1: identity file /c/Users/Armin/.ssh/id_ed25519-cert type -1
debug1: identity file /c/Users/Armin/.ssh/id_ed25519_sk type -1
debug1: identity file /c/Users/Armin/.ssh/id_ed25519_sk-cert type -1
debug1: identity file /c/Users/Armin/.ssh/id_xmss type -1
debug1: identity file /c/Users/Armin/.ssh/id_xmss-cert type -1
debug1: Local version string SSH-2.0-OpenSSH_10.0
debug1: Remote protocol version 2.0, remote software version dropbear_2025.89
debug1: compat_banner: no match: dropbear_2025.89
debug2: fd 4 setting O_NONBLOCK
debug1: Authenticating to 192.168.0.138:22 as 'ari'
debug1: load_hostkeys: fopen /c/Users/Armin/.ssh/known_hosts2: No such file or directory
debug1: load_hostkeys: fopen /etc/ssh/ssh_known_hosts: No such file or directory
debug1: load_hostkeys: fopen /etc/ssh/ssh_known_hosts2: No such file or directory
debug1: SSH2_MSG_KEXINIT sent
debug1: SSH2_MSG_KEXINIT received
debug2: local client KEXINIT proposal
debug2: KEX algorithms: mlkem768x25519-sha256,sntrup761x25519-sha512,sntrup761x25519-sha512@openssh.com,curve25519-sha256,curve25519-sha256@libssh.org,ecdh-sha2-nistp256,ecdh-sha2-nistp384,ecdh-sha2-nistp521,diffie-hellman-group-exchange-sha256,diffie-hellman-group16-sha512,diffie-hellman-group18-sha512,diffie-hellman-group14-sha256,ext-info-c,kex-strict-c-v00@openssh.com
debug2: host key algorithms: ssh-ed25519-cert-v01@openssh.com,ecdsa-sha2-nistp256-cert-v01@openssh.com,ecdsa-sha2-nistp384-cert-v01@openssh.com,ecdsa-sha2-nistp521-cert-v01@openssh.com,sk-ssh-ed25519-cert-v01@openssh.com,sk-ecdsa-sha2-nistp256-cert-v01@openssh.com,rsa-sha2-512-cert-v01@openssh.com,rsa-sha2-256-cert-v01@openssh.com,ssh-ed25519,ecdsa-sha2-nistp256,ecdsa-sha2-nistp384,ecdsa-sha2-nistp521,sk-ssh-ed25519@openssh.com,sk-ecdsa-sha2-nistp256@openssh.com,rsa-sha2-512,rsa-sha2-256
debug2: ciphers ctos: chacha20-poly1305@openssh.com,aes128-gcm@openssh.com,aes256-gcm@openssh.com,aes128-ctr,aes192-ctr,aes256-ctr
debug2: ciphers stoc: chacha20-poly1305@openssh.com,aes128-gcm@openssh.com,aes256-gcm@openssh.com,aes128-ctr,aes192-ctr,aes256-ctr
debug2: MACs ctos: umac-64-etm@openssh.com,umac-128-etm@openssh.com,hmac-sha2-256-etm@openssh.com,hmac-sha2-512-etm@openssh.com,hmac-sha1-etm@openssh.com,umac-64@openssh.com,umac-128@openssh.com,hmac-sha2-256,hmac-sha2-512,hmac-sha1
debug2: MACs stoc: umac-64-etm@openssh.com,umac-128-etm@openssh.com,hmac-sha2-256-etm@openssh.com,hmac-sha2-512-etm@openssh.com,hmac-sha1-etm@openssh.com,umac-64@openssh.com,umac-128@openssh.com,hmac-sha2-256,hmac-sha2-512,hmac-sha1
debug2: compression ctos: none,zlib@openssh.com
debug2: compression stoc: none,zlib@openssh.com
debug2: languages ctos: 
debug2: languages stoc: 
debug2: first_kex_follows 0 
debug2: reserved 0 
debug2: peer server KEXINIT proposal
debug2: KEX algorithms: sntrup761x25519-sha512,sntrup761x25519-sha512@openssh.com,mlkem768x25519-sha256,curve25519-sha256,curve25519-sha256@libssh.org,ecdh-sha2-nistp521,ecdh-sha2-nistp384,ecdh-sha2-nistp256,diffie-hellman-group14-sha256,kexguess2@matt.ucc.asn.au,kex-strict-s-v00@openssh.com
debug2: host key algorithms: ssh-ed25519,ecdsa-sha2-nistp256,rsa-sha2-256
debug2: ciphers ctos: chacha20-poly1305@openssh.com,aes256-ctr,aes128-ctr
debug2: ciphers stoc: chacha20-poly1305@openssh.com,aes256-ctr,aes128-ctr
debug2: MACs ctos: hmac-sha2-256
debug2: MACs stoc: hmac-sha2-256
debug2: compression ctos: none
debug2: compression stoc: zlib@openssh.com,zlib,none
debug2: languages ctos: 
debug2: languages stoc: 
debug2: first_kex_follows 0 
debug2: reserved 0 
debug1: kex: algorithm: mlkem768x25519-sha256
debug1: kex: host key algorithm: ssh-ed25519
debug1: kex: server->client cipher: chacha20-poly1305@openssh.com MAC: <implicit> compression: none
debug1: kex: client->server cipher: chacha20-poly1305@openssh.com MAC: <implicit> compression: none
debug1: expecting SSH2_MSG_KEX_ECDH_REPLY
debug1: SSH2_MSG_KEX_ECDH_REPLY received
debug1: Server host key: ssh-ed25519 SHA256:pfh72XWS2OUVQ3VOztq9dG7FUtcOY1ZRVZgxFj3yAZE
debug1: load_hostkeys: fopen /c/Users/Armin/.ssh/known_hosts2: No such file or directory
debug1: load_hostkeys: fopen /etc/ssh/ssh_known_hosts: No such file or directory
debug1: load_hostkeys: fopen /etc/ssh/ssh_known_hosts2: No such file or directory
debug1: Host '192.168.0.138' is known and matches the ED25519 host key.
debug1: Found key in /c/Users/Armin/.ssh/known_hosts:2
debug1: ssh_packet_send2_wrapped: resetting send seqnr 3
debug2: ssh_set_newkeys: mode 1
debug1: rekey out after 134217728 blocks
debug1: SSH2_MSG_NEWKEYS sent
debug1: expecting SSH2_MSG_NEWKEYS
debug1: ssh_packet_read_poll2: resetting read seqnr 3
debug1: SSH2_MSG_NEWKEYS received
debug2: ssh_set_newkeys: mode 0
debug1: rekey in after 134217728 blocks
debug2: KEX algorithms: mlkem768x25519-sha256,sntrup761x25519-sha512,sntrup761x25519-sha512@openssh.com,curve25519-sha256,curve25519-sha256@libssh.org,ecdh-sha2-nistp256,ecdh-sha2-nistp384,ecdh-sha2-nistp521,diffie-hellman-group-exchange-sha256,diffie-hellman-group16-sha512,diffie-hellman-group18-sha512,diffie-hellman-group14-sha256,ext-info-c,kex-strict-c-v00@openssh.com
debug2: host key algorithms: ssh-ed25519-cert-v01@openssh.com,ecdsa-sha2-nistp256-cert-v01@openssh.com,ecdsa-sha2-nistp384-cert-v01@openssh.com,ecdsa-sha2-nistp521-cert-v01@openssh.com,sk-ssh-ed25519-cert-v01@openssh.com,sk-ecdsa-sha2-nistp256-cert-v01@openssh.com,rsa-sha2-512-cert-v01@openssh.com,rsa-sha2-256-cert-v01@openssh.com,ssh-ed25519,ecdsa-sha2-nistp256,ecdsa-sha2-nistp384,ecdsa-sha2-nistp521,sk-ssh-ed25519@openssh.com,sk-ecdsa-sha2-nistp256@openssh.com,rsa-sha2-512,rsa-sha2-256
debug2: ciphers ctos: chacha20-poly1305@openssh.com,aes128-gcm@openssh.com,aes256-gcm@openssh.com,aes128-ctr,aes192-ctr,aes256-ctr
debug2: ciphers stoc: chacha20-poly1305@openssh.com,aes128-gcm@openssh.com,aes256-gcm@openssh.com,aes128-ctr,aes192-ctr,aes256-ctr
debug2: MACs ctos: umac-64-etm@openssh.com,umac-128-etm@openssh.com,hmac-sha2-256-etm@openssh.com,hmac-sha2-512-etm@openssh.com,hmac-sha1-etm@openssh.com,umac-64@openssh.com,umac-128@openssh.com,hmac-sha2-256,hmac-sha2-512,hmac-sha1
debug2: MACs stoc: umac-64-etm@openssh.com,umac-128-etm@openssh.com,hmac-sha2-256-etm@openssh.com,hmac-sha2-512-etm@openssh.com,hmac-sha1-etm@openssh.com,umac-64@openssh.com,umac-128@openssh.com,hmac-sha2-256,hmac-sha2-512,hmac-sha1
debug2: compression ctos: none,zlib@openssh.com
debug2: compression stoc: none,zlib@openssh.com
debug2: languages ctos: 
debug2: languages stoc: 
debug2: first_kex_follows 0 
debug2: reserved 0 
debug1: SSH2_MSG_EXT_INFO received
debug1: kex_ext_info_client_parse: server-sig-algs=<ssh-ed25519,sk-ssh-ed25519@openssh.com,ecdsa-sha2-nistp256,ecdsa-sha2-nistp384,ecdsa-sha2-nistp521,sk-ecdsa-sha2-nistp256@openssh.com,rsa-sha2-256>
debug2: service_accept: ssh-userauth
debug1: SSH2_MSG_SERVICE_ACCEPT received
debug1: Authentications that can continue: publickey
debug1: Next authentication method: publickey
debug1: Will attempt key: /c/Users/Armin/.ssh/id_rsa 
debug1: Will attempt key: /c/Users/Armin/.ssh/id_ecdsa 
debug1: Will attempt key: /c/Users/Armin/.ssh/id_ecdsa_sk 
debug1: Will attempt key: /c/Users/Armin/.ssh/id_ed25519 ED25519 SHA256:IrKVkKK9SwcdlmrtAiLiUakNQFX8Fb88zuNUBmJIUwg
debug1: Will attempt key: /c/Users/Armin/.ssh/id_ed25519_sk 
debug1: Will attempt key: /c/Users/Armin/.ssh/id_xmss 
debug2: pubkey_prepare: done
debug1: Trying private key: /c/Users/Armin/.ssh/id_rsa
debug1: Trying private key: /c/Users/Armin/.ssh/id_ecdsa
debug1: Trying private key: /c/Users/Armin/.ssh/id_ecdsa_sk
debug1: Offering public key: /c/Users/Armin/.ssh/id_ed25519 ED25519 SHA256:IrKVkKK9SwcdlmrtAiLiUakNQFX8Fb88zuNUBmJIUwg
debug2: we sent a publickey packet, wait for reply
debug1: Server accepts key: /c/Users/Armin/.ssh/id_ed25519 ED25519 SHA256:IrKVkKK9SwcdlmrtAiLiUakNQFX8Fb88zuNUBmJIUwg
Authenticated to 192.168.0.138 ([192.168.0.138]:22) using "publickey".
debug2: fd 5 setting O_NONBLOCK
debug2: fd 6 setting O_NONBLOCK
debug2: fd 7 setting O_NONBLOCK
debug1: channel 0: new session [client-session] (inactive timeout: 0)
debug2: channel 0: send open
debug1: Entering interactive session.
debug1: pledge: filesystem
debug2: channel_input_open_confirmation: channel 0: callback start
debug2: fd 4 setting TCP_NODELAY
debug2: client_session2_setup: id 0
debug1: Sending command: hostname; uname -s; whoami
debug2: channel 0: request exec confirm 1
debug2: channel_input_open_confirmation: channel 0: callback done
debug2: channel 0: open confirm rwindow 65536 rmax 32759
debug2: channel 0: read failed rfd 5 maxlen 32768: Broken pipe
debug2: channel 0: read failed
debug2: chan_shutdown_read: channel 0: (i0 o0 sock -1 wfd 5 efd 7 [write])
debug2: channel 0: input open -> drain
debug2: channel 0: ibuf empty
debug2: channel 0: send eof
debug2: channel 0: input drain -> closed
debug2: channel_input_status_confirm: type 99 id 0
debug2: exec request accepted on channel 0
debug2: channel 0: rcvd eof
debug2: channel 0: output open -> drain
debug1: client_input_channel_req: channel 0 rtype exit-status reply 0
debug2: channel 0: rcvd close
debug2: channel 0: obuf empty
debug2: chan_shutdown_write: channel 0: (i3 o1 sock -1 wfd 6 efd 7 [write])
debug2: channel 0: output drain -> closed
debug2: channel 0: almost dead
debug2: channel 0: gc: notify user
debug2: channel 0: gc: user detached
debug2: channel 0: send_close2
debug2: channel 0: send close for remote id 0
debug2: channel 0: is dead
debug2: channel 0: garbage collecting
debug1: channel 0: free: client-session, nchannels 1
Transferred: sent 3404, received 2396 bytes, in 0.0 seconds
Bytes per second: sent 74878.0, received 52705.0
debug1: Exit status 0
